
Fatal error: Uncaught exception 'RuntimeException' with message 'Options with name "Driver" could not be found in "doctrine.driver".' in /var/www/zf2-b/vendor/zendframework/zendframework/library/Zend/ServiceManager/ServiceManager.php on line 909

RuntimeException: Options with name "Driver" could not be found in "doctrine.driver". in /var/www/zf2-b/vendor/doctrine/doctrine-module/src/DoctrineModule/Service/AbstractFactory.php on line 81

Call Stack:
    0.0001     228344   1. {main}() /var/www/zf2-b/vendor/doctrine/doctrine-module/bin/doctrine-module:0
    0.0003     238200   2. include('/var/www/zf2-b/vendor/doctrine/doctrine-module/bin/doctrine-module.php') /var/www/zf2-b/vendor/doctrine/doctrine-module/bin/doctrine-module:4
    0.0159     421376   3. Zend\Mvc\Application::init() /var/www/zf2-b/vendor/doctrine/doctrine-module/bin/doctrine-module.php:48
    0.1416    3086120   4. Zend\Mvc\Application->bootstrap() /var/www/zf2-b/vendor/zendframework/zendframework/library/Zend/Mvc/Application.php:260
    0.1549    3401184   5. Zend\ServiceManager\ServiceManager->get() /var/www/zf2-b/vendor/zendframework/zendframework/library/Zend/Mvc/Application.php:153
    0.1549    3402120   6. Zend\ServiceManager\ServiceManager->create() /var/www/zf2-b/vendor/zendframework/zendframework/library/Zend/ServiceManager/ServiceManager.php:504
    0.1549    3402120   7. Zend\ServiceManager\ServiceManager->doCreate() /var/www/zf2-b/vendor/zendframework/zendframework/library/Zend/ServiceManager/ServiceManager.php:572
    0.1549    3402168   8. Zend\ServiceManager\ServiceManager->createFromFactory() /var/www/zf2-b/vendor/zendframework/zendframework/library/Zend/ServiceManager/ServiceManager.php:612
    0.1551    3412000   9. Zend\ServiceManager\ServiceManager->createServiceViaCallback() /var/www/zf2-b/vendor/zendframework/zendframework/library/Zend/ServiceManager/ServiceManager.php:1032
    0.1551    3412328  10. call_user_func:{/var/www/zf2-b/vendor/zendframework/zendframework/library/Zend/ServiceManager/ServiceManager.php:902}() /var/www/zf2-b/vendor/zendframework/zendframework/library/Zend/ServiceManager/ServiceManager.php:902
    0.1551    3412472  11. Zend\Mvc\Service\RouterFactory->createService() /var/www/zf2-b/vendor/zendframework/zendframework/library/Zend/ServiceManager/ServiceManager.php:902
    0.1552    3413264  12. call_user_func:{/var/www/zf2-b/vendor/zendframework/zendframework/library/Zend/Mvc/Service/RouterFactory.php:60}() /var/www/zf2-b/vendor/zendframework/zendframework/library/Zend/Mvc/Service/RouterFactory.php:60
    0.1564    3489424  13. Zend\Mvc\Router\SimpleRouteStack::factory() /var/www/zf2-b/vendor/zendframework/zendframework/library/Zend/Mvc/Service/RouterFactory.php:60
    0.1613    3537688  14. Zend\Mvc\Router\SimpleRouteStack->addRoutes() /var/www/zf2-b/vendor/zendframework/zendframework/library/Zend/Mvc/Router/SimpleRouteStack.php:84
    0.1613    3538144  15. Zend\Mvc\Router\Console\SimpleRouteStack->addRoute() /var/www/zf2-b/vendor/zendframework/zendframework/library/Zend/Mvc/Router/SimpleRouteStack.php:140
    0.1613    3538280  16. Zend\Mvc\Router\Console\SimpleRouteStack->routeFromArray() /var/www/zf2-b/vendor/zendframework/zendframework/library/Zend/Mvc/Router/Console/SimpleRouteStack.php:51
    0.1613    3538392  17. Zend\Mvc\Router\SimpleRouteStack->routeFromArray() /var/www/zf2-b/vendor/zendframework/zendframework/library/Zend/Mvc/Router/Console/SimpleRouteStack.php:78
    0.1614    3539096  18. Zend\ServiceManager\AbstractPluginManager->get() /var/www/zf2-b/vendor/zendframework/zendframework/library/Zend/Mvc/Router/SimpleRouteStack.php:274
    0.1614    3539144  19. Zend\ServiceManager\ServiceManager->get() /var/www/zf2-b/vendor/zendframework/zendframework/library/Zend/ServiceManager/AbstractPluginManager.php:103
    0.1614    3540440  20. Zend\ServiceManager\ServiceManager->create() /var/www/zf2-b/vendor/zendframework/zendframework/library/Zend/ServiceManager/ServiceManager.php:504
    0.1614    3540728  21. Zend\ServiceManager\ServiceManager->doCreate() /var/www/zf2-b/vendor/zendframework/zendframework/library/Zend/ServiceManager/ServiceManager.php:572
    0.1614    3540992  22. Zend\ServiceManager\AbstractPluginManager->createFromFactory() /var/www/zf2-b/vendor/zendframework/zendframework/library/Zend/ServiceManager/ServiceManager.php:612
    0.1618    3545488  23. Zend\ServiceManager\AbstractPluginManager->createServiceViaCallback() /var/www/zf2-b/vendor/zendframework/zendframework/library/Zend/ServiceManager/AbstractPluginManager.php:205
    0.1618    3545928  24. Zend\ServiceManager\ServiceManager->createServiceViaCallback() /var/www/zf2-b/vendor/zendframework/zendframework/library/Zend/ServiceManager/AbstractPluginManager.php:245
    0.1618    3546272  25. call_user_func:{/var/www/zf2-b/vendor/zendframework/zendframework/library/Zend/ServiceManager/ServiceManager.php:902}() /var/www/zf2-b/vendor/zendframework/zendframework/library/Zend/ServiceManager/ServiceManager.php:902
    0.1618    3546368  26. DoctrineModule\Service\SymfonyCliRouteFactory->createService() /var/www/zf2-b/vendor/zendframework/zendframework/library/Zend/ServiceManager/ServiceManager.php:902
    0.1618    3546448  27. Zend\ServiceManager\ServiceManager->get() /var/www/zf2-b/vendor/doctrine/doctrine-module/src/DoctrineModule/Service/SymfonyCliRouteFactory.php:38
    0.1618    3547136  28. Zend\ServiceManager\ServiceManager->create() /var/www/zf2-b/vendor/zendframework/zendframework/library/Zend/ServiceManager/ServiceManager.php:504
    0.1618    3547136  29. Zend\ServiceManager\ServiceManager->doCreate() /var/www/zf2-b/vendor/zendframework/zendframework/library/Zend/ServiceManager/ServiceManager.php:572
    0.1618    3547184  30. Zend\ServiceManager\ServiceManager->createFromFactory() /var/www/zf2-b/vendor/zendframework/zendframework/library/Zend/ServiceManager/ServiceManager.php:612
    0.1621    3558664  31. Zend\ServiceManager\ServiceManager->createServiceViaCallback() /var/www/zf2-b/vendor/zendframework/zendframework/library/Zend/ServiceManager/ServiceManager.php:1032
    0.1621    3559008  32. call_user_func:{/var/www/zf2-b/vendor/zendframework/zendframework/library/Zend/ServiceManager/ServiceManager.php:902}() /var/www/zf2-b/vendor/zendframework/zendframework/library/Zend/ServiceManager/ServiceManager.php:902
    0.1621    3559224  33. DoctrineModule\Service\CliFactory->createService() /var/www/zf2-b/vendor/zendframework/zendframework/library/Zend/ServiceManager/ServiceManager.php:902
    0.1871    4662728  34. Zend\EventManager\EventManager->trigger() /var/www/zf2-b/vendor/doctrine/doctrine-module/src/DoctrineModule/Service/CliFactory.php:85
    0.1871    4663320  35. Zend\EventManager\EventManager->triggerListeners() /var/www/zf2-b/vendor/zendframework/zendframework/library/Zend/EventManager/EventManager.php:207
    0.1872    4668936  36. call_user_func:{/var/www/zf2-b/vendor/zendframework/zendframework/library/Zend/EventManager/EventManager.php:468}() /var/www/zf2-b/vendor/zendframework/zendframework/library/Zend/EventManager/EventManager.php:468
    0.1873    4669184  37. DoctrineORMModule\Module->initializeConsole() /var/www/zf2-b/vendor/zendframework/zendframework/library/Zend/EventManager/EventManager.php:468
    0.2166    5340056  38. Zend\ServiceManager\ServiceManager->get() /var/www/zf2-b/vendor/doctrine/doctrine-orm-module/src/DoctrineORMModule/Module.php:141
    0.2168    5342168  39. Zend\ServiceManager\ServiceManager->create() /var/www/zf2-b/vendor/zendframework/zendframework/library/Zend/ServiceManager/ServiceManager.php:504
    0.2168    5342168  40. Zend\ServiceManager\ServiceManager->doCreate() /var/www/zf2-b/vendor/zendframework/zendframework/library/Zend/ServiceManager/ServiceManager.php:572
    0.2168    5342416  41. Zend\ServiceManager\ServiceManager->createFromAbstractFactory() /var/www/zf2-b/vendor/zendframework/zendframework/library/Zend/ServiceManager/ServiceManager.php:620
    0.2168    5343464  42. Zend\ServiceManager\ServiceManager->createServiceViaCallback() /var/www/zf2-b/vendor/zendframework/zendframework/library/Zend/ServiceManager/ServiceManager.php:1064
    0.2168    5343856  43. call_user_func:{/var/www/zf2-b/vendor/zendframework/zendframework/library/Zend/ServiceManager/ServiceManager.php:902}() /var/www/zf2-b/vendor/zendframework/zendframework/library/Zend/ServiceManager/ServiceManager.php:902
    0.2168    5343952  44. DoctrineModule\ServiceFactory\AbstractDoctrineServiceFactory->createServiceWithName() /var/www/zf2-b/vendor/zendframework/zendframework/library/Zend/ServiceManager/ServiceManager.php:902
    0.2231    5363848  45. DoctrineORMModule\Service\EntityManagerFactory->createService() /var/www/zf2-b/vendor/doctrine/doctrine-module/src/DoctrineModule/ServiceFactory/AbstractDoctrineServiceFactory.php:59
    0.2234    5377088  46. Zend\ServiceManager\ServiceManager->get() /var/www/zf2-b/vendor/doctrine/doctrine-orm-module/src/DoctrineORMModule/Service/EntityManagerFactory.php:36
    0.2235    5378176  47. Zend\ServiceManager\ServiceManager->create() /var/www/zf2-b/vendor/zendframework/zendframework/library/Zend/ServiceManager/ServiceManager.php:504
    0.2235    5378176  48. Zend\ServiceManager\ServiceManager->doCreate() /var/www/zf2-b/vendor/zendframework/zendframework/library/Zend/ServiceManager/ServiceManager.php:572
    0.2235    5378224  49. Zend\ServiceManager\ServiceManager->createFromAbstractFactory() /var/www/zf2-b/vendor/zendframework/zendframework/library/Zend/ServiceManager/ServiceManager.php:620
    0.2236    5379056  50. Zend\ServiceManager\ServiceManager->createServiceViaCallback() /var/www/zf2-b/vendor/zendframework/zendframework/library/Zend/ServiceManager/ServiceManager.php:1064
    0.2236    5379432  51. call_user_func:{/var/www/zf2-b/vendor/zendframework/zendframework/library/Zend/ServiceManager/ServiceManager.php:902}() /var/www/zf2-b/vendor/zendframework/zendframework/library/Zend/ServiceManager/ServiceManager.php:902
    0.2236    5379472  52. DoctrineModule\ServiceFactory\AbstractDoctrineServiceFactory->createServiceWithName() /var/www/zf2-b/vendor/zendframework/zendframework/library/Zend/ServiceManager/ServiceManager.php:902
    0.2239    5393112  53. DoctrineORMModule\Service\DBALConnectionFactory->createService() /var/www/zf2-b/vendor/doctrine/doctrine-module/src/DoctrineModule/ServiceFactory/AbstractDoctrineServiceFactory.php:59
    0.2242    5416232  54. Zend\ServiceManager\ServiceManager->get() /var/www/zf2-b/vendor/doctrine/doctrine-orm-module/src/DoctrineORMModule/Service/DBALConnectionFactory.php:56
    0.2244    5417360  55. Zend\ServiceManager\ServiceManager->create() /var/www/zf2-b/vendor/zendframework/zendframework/library/Zend/ServiceManager/ServiceManager.php:504
    0.2244    5417360  56. Zend\ServiceManager\ServiceManager->doCreate() /var/www/zf2-b/vendor/zendframework/zendframework/library/Zend/ServiceManager/ServiceManager.php:572
    0.2244    5417408  57. Zend\ServiceManager\ServiceManager->createFromAbstractFactory() /var/www/zf2-b/vendor/zendframework/zendframework/library/Zend/ServiceManager/ServiceManager.php:620
    0.2244    5418240  58. Zend\ServiceManager\ServiceManager->createServiceViaCallback() /var/www/zf2-b/vendor/zendframework/zendframework/library/Zend/ServiceManager/ServiceManager.php:1064
    0.2244    5418632  59. call_user_func:{/var/www/zf2-b/vendor/zendframework/zendframework/library/Zend/ServiceManager/ServiceManager.php:902}() /var/www/zf2-b/vendor/zendframework/zendframework/library/Zend/ServiceManager/ServiceManager.php:902
    0.2244    5418672  60. DoctrineModule\ServiceFactory\AbstractDoctrineServiceFactory->createServiceWithName() /var/www/zf2-b/vendor/zendframework/zendframework/library/Zend/ServiceManager/ServiceManager.php:902
    0.2252    5466640  61. DoctrineORMModule\Service\ConfigurationFactory->createService() /var/www/zf2-b/vendor/doctrine/doctrine-module/src/DoctrineModule/ServiceFactory/AbstractDoctrineServiceFactory.php:59
    0.2289    5745760  62. Zend\ServiceManager\ServiceManager->get() /var/www/zf2-b/vendor/doctrine/doctrine-orm-module/src/DoctrineORMModule/Service/ConfigurationFactory.php:67
    0.2330    5746848  63. Zend\ServiceManager\ServiceManager->create() /var/www/zf2-b/vendor/zendframework/zendframework/library/Zend/ServiceManager/ServiceManager.php:504
    0.2331    5746848  64. Zend\ServiceManager\ServiceManager->doCreate() /var/www/zf2-b/vendor/zendframework/zendframework/library/Zend/ServiceManager/ServiceManager.php:572
    0.2331    5746896  65. Zend\ServiceManager\ServiceManager->createFromAbstractFactory() /var/www/zf2-b/vendor/zendframework/zendframework/library/Zend/ServiceManager/ServiceManager.php:620
    0.2331    5747712  66. Zend\ServiceManager\ServiceManager->createServiceViaCallback() /var/www/zf2-b/vendor/zendframework/zendframework/library/Zend/ServiceManager/ServiceManager.php:1064
    0.2331    5748088  67. call_user_func:{/var/www/zf2-b/vendor/zendframework/zendframework/library/Zend/ServiceManager/ServiceManager.php:902}() /var/www/zf2-b/vendor/zendframework/zendframework/library/Zend/ServiceManager/ServiceManager.php:902
    0.2331    5748128  68. DoctrineModule\ServiceFactory\AbstractDoctrineServiceFactory->createServiceWithName() /var/www/zf2-b/vendor/zendframework/zendframework/library/Zend/ServiceManager/ServiceManager.php:902
    0.2375    5771808  69. DoctrineModule\Service\DriverFactory->createService() /var/www/zf2-b/vendor/doctrine/doctrine-module/src/DoctrineModule/ServiceFactory/AbstractDoctrineServiceFactory.php:59
    0.2377    5789072  70. DoctrineModule\Service\DriverFactory->createDriver() /var/www/zf2-b/vendor/doctrine/doctrine-module/src/DoctrineModule/Service/DriverFactory.php:50
    0.2391    5820656  71. DoctrineModule\Service\AbstractFactory->getOptions() /var/www/zf2-b/vendor/doctrine/doctrine-module/src/DoctrineModule/Service/DriverFactory.php:130

Zend\ServiceManager\Exception\ServiceNotCreatedException: An exception was raised while creating "doctrine.driver.orm_default"; no instance returned in /var/www/zf2-b/vendor/zendframework/zendframework/library/Zend/ServiceManager/ServiceManager.php on line 909

Call Stack:
    0.0001     228344   1. {main}() /var/www/zf2-b/vendor/doctrine/doctrine-module/bin/doctrine-module:0
    0.0003     238200   2. include('/var/www/zf2-b/vendor/doctrine/doctrine-module/bin/doctrine-module.php') /var/www/zf2-b/vendor/doctrine/doctrine-module/bin/doctrine-module:4
    0.0159     421376   3. Zend\Mvc\Application::init() /var/www/zf2-b/vendor/doctrine/doctrine-module/bin/doctrine-module.php:48
    0.1416    3086120   4. Zend\Mvc\Application->bootstrap() /var/www/zf2-b/vendor/zendframework/zendframework/library/Zend/Mvc/Application.php:260
    0.1549    3401184   5. Zend\ServiceManager\ServiceManager->get() /var/www/zf2-b/vendor/zendframework/zendframework/library/Zend/Mvc/Application.php:153
    0.1549    3402120   6. Zend\ServiceManager\ServiceManager->create() /var/www/zf2-b/vendor/zendframework/zendframework/library/Zend/ServiceManager/ServiceManager.php:504
    0.1549    3402120   7. Zend\ServiceManager\ServiceManager->doCreate() /var/www/zf2-b/vendor/zendframework/zendframework/library/Zend/ServiceManager/ServiceManager.php:572
    0.1549    3402168   8. Zend\ServiceManager\ServiceManager->createFromFactory() /var/www/zf2-b/vendor/zendframework/zendframework/library/Zend/ServiceManager/ServiceManager.php:612
    0.1551    3412000   9. Zend\ServiceManager\ServiceManager->createServiceViaCallback() /var/www/zf2-b/vendor/zendframework/zendframework/library/Zend/ServiceManager/ServiceManager.php:1032
    0.1551    3412328  10. call_user_func:{/var/www/zf2-b/vendor/zendframework/zendframework/library/Zend/ServiceManager/ServiceManager.php:902}() /var/www/zf2-b/vendor/zendframework/zendframework/library/Zend/ServiceManager/ServiceManager.php:902
    0.1551    3412472  11. Zend\Mvc\Service\RouterFactory->createService() /var/www/zf2-b/vendor/zendframework/zendframework/library/Zend/ServiceManager/ServiceManager.php:902
    0.1552    3413264  12. call_user_func:{/var/www/zf2-b/vendor/zendframework/zendframework/library/Zend/Mvc/Service/RouterFactory.php:60}() /var/www/zf2-b/vendor/zendframework/zendframework/library/Zend/Mvc/Service/RouterFactory.php:60
    0.1564    3489424  13. Zend\Mvc\Router\SimpleRouteStack::factory() /var/www/zf2-b/vendor/zendframework/zendframework/library/Zend/Mvc/Service/RouterFactory.php:60
    0.1613    3537688  14. Zend\Mvc\Router\SimpleRouteStack->addRoutes() /var/www/zf2-b/vendor/zendframework/zendframework/library/Zend/Mvc/Router/SimpleRouteStack.php:84
    0.1613    3538144  15. Zend\Mvc\Router\Console\SimpleRouteStack->addRoute() /var/www/zf2-b/vendor/zendframework/zendframework/library/Zend/Mvc/Router/SimpleRouteStack.php:140
    0.1613    3538280  16. Zend\Mvc\Router\Console\SimpleRouteStack->routeFromArray() /var/www/zf2-b/vendor/zendframework/zendframework/library/Zend/Mvc/Router/Console/SimpleRouteStack.php:51
    0.1613    3538392  17. Zend\Mvc\Router\SimpleRouteStack->routeFromArray() /var/www/zf2-b/vendor/zendframework/zendframework/library/Zend/Mvc/Router/Console/SimpleRouteStack.php:78
    0.1614    3539096  18. Zend\ServiceManager\AbstractPluginManager->get() /var/www/zf2-b/vendor/zendframework/zendframework/library/Zend/Mvc/Router/SimpleRouteStack.php:274
    0.1614    3539144  19. Zend\ServiceManager\ServiceManager->get() /var/www/zf2-b/vendor/zendframework/zendframework/library/Zend/ServiceManager/AbstractPluginManager.php:103
    0.1614    3540440  20. Zend\ServiceManager\ServiceManager->create() /var/www/zf2-b/vendor/zendframework/zendframework/library/Zend/ServiceManager/ServiceManager.php:504
    0.1614    3540728  21. Zend\ServiceManager\ServiceManager->doCreate() /var/www/zf2-b/vendor/zendframework/zendframework/library/Zend/ServiceManager/ServiceManager.php:572
    0.1614    3540992  22. Zend\ServiceManager\AbstractPluginManager->createFromFactory() /var/www/zf2-b/vendor/zendframework/zendframework/library/Zend/ServiceManager/ServiceManager.php:612
    0.1618    3545488  23. Zend\ServiceManager\AbstractPluginManager->createServiceViaCallback() /var/www/zf2-b/vendor/zendframework/zendframework/library/Zend/ServiceManager/AbstractPluginManager.php:205
    0.1618    3545928  24. Zend\ServiceManager\ServiceManager->createServiceViaCallback() /var/www/zf2-b/vendor/zendframework/zendframework/library/Zend/ServiceManager/AbstractPluginManager.php:245
    0.1618    3546272  25. call_user_func:{/var/www/zf2-b/vendor/zendframework/zendframework/library/Zend/ServiceManager/ServiceManager.php:902}() /var/www/zf2-b/vendor/zendframework/zendframework/library/Zend/ServiceManager/ServiceManager.php:902
    0.1618    3546368  26. DoctrineModule\Service\SymfonyCliRouteFactory->createService() /var/www/zf2-b/vendor/zendframework/zendframework/library/Zend/ServiceManager/ServiceManager.php:902
    0.1618    3546448  27. Zend\ServiceManager\ServiceManager->get() /var/www/zf2-b/vendor/doctrine/doctrine-module/src/DoctrineModule/Service/SymfonyCliRouteFactory.php:38
    0.1618    3547136  28. Zend\ServiceManager\ServiceManager->create() /var/www/zf2-b/vendor/zendframework/zendframework/library/Zend/ServiceManager/ServiceManager.php:504
    0.1618    3547136  29. Zend\ServiceManager\ServiceManager->doCreate() /var/www/zf2-b/vendor/zendframework/zendframework/library/Zend/ServiceManager/ServiceManager.php:572
    0.1618    3547184  30. Zend\ServiceManager\ServiceManager->createFromFactory() /var/www/zf2-b/vendor/zendframework/zendframework/library/Zend/ServiceManager/ServiceManager.php:612
    0.1621    3558664  31. Zend\ServiceManager\ServiceManager->createServiceViaCallback() /var/www/zf2-b/vendor/zendframework/zendframework/library/Zend/ServiceManager/ServiceManager.php:1032
    0.1621    3559008  32. call_user_func:{/var/www/zf2-b/vendor/zendframework/zendframework/library/Zend/ServiceManager/ServiceManager.php:902}() /var/www/zf2-b/vendor/zendframework/zendframework/library/Zend/ServiceManager/ServiceManager.php:902
    0.1621    3559224  33. DoctrineModule\Service\CliFactory->createService() /var/www/zf2-b/vendor/zendframework/zendframework/library/Zend/ServiceManager/ServiceManager.php:902
    0.1871    4662728  34. Zend\EventManager\EventManager->trigger() /var/www/zf2-b/vendor/doctrine/doctrine-module/src/DoctrineModule/Service/CliFactory.php:85
    0.1871    4663320  35. Zend\EventManager\EventManager->triggerListeners() /var/www/zf2-b/vendor/zendframework/zendframework/library/Zend/EventManager/EventManager.php:207
    0.1872    4668936  36. call_user_func:{/var/www/zf2-b/vendor/zendframework/zendframework/library/Zend/EventManager/EventManager.php:468}() /var/www/zf2-b/vendor/zendframework/zendframework/library/Zend/EventManager/EventManager.php:468
    0.1873    4669184  37. DoctrineORMModule\Module->initializeConsole() /var/www/zf2-b/vendor/zendframework/zendframework/library/Zend/EventManager/EventManager.php:468
    0.2166    5340056  38. Zend\ServiceManager\ServiceManager->get() /var/www/zf2-b/vendor/doctrine/doctrine-orm-module/src/DoctrineORMModule/Module.php:141
    0.2168    5342168  39. Zend\ServiceManager\ServiceManager->create() /var/www/zf2-b/vendor/zendframework/zendframework/library/Zend/ServiceManager/ServiceManager.php:504
    0.2168    5342168  40. Zend\ServiceManager\ServiceManager->doCreate() /var/www/zf2-b/vendor/zendframework/zendframework/library/Zend/ServiceManager/ServiceManager.php:572
    0.2168    5342416  41. Zend\ServiceManager\ServiceManager->createFromAbstractFactory() /var/www/zf2-b/vendor/zendframework/zendframework/library/Zend/ServiceManager/ServiceManager.php:620
    0.2168    5343464  42. Zend\ServiceManager\ServiceManager->createServiceViaCallback() /var/www/zf2-b/vendor/zendframework/zendframework/library/Zend/ServiceManager/ServiceManager.php:1064
    0.2168    5343856  43. call_user_func:{/var/www/zf2-b/vendor/zendframework/zendframework/library/Zend/ServiceManager/ServiceManager.php:902}() /var/www/zf2-b/vendor/zendframework/zendframework/library/Zend/ServiceManager/ServiceManager.php:902
    0.2168    5343952  44. DoctrineModule\ServiceFactory\AbstractDoctrineServiceFactory->createServiceWithName() /var/www/zf2-b/vendor/zendframework/zendframework/library/Zend/ServiceManager/ServiceManager.php:902
    0.2231    5363848  45. DoctrineORMModule\Service\EntityManagerFactory->createService() /var/www/zf2-b/vendor/doctrine/doctrine-module/src/DoctrineModule/ServiceFactory/AbstractDoctrineServiceFactory.php:59
    0.2234    5377088  46. Zend\ServiceManager\ServiceManager->get() /var/www/zf2-b/vendor/doctrine/doctrine-orm-module/src/DoctrineORMModule/Service/EntityManagerFactory.php:36
    0.2235    5378176  47. Zend\ServiceManager\ServiceManager->create() /var/www/zf2-b/vendor/zendframework/zendframework/library/Zend/ServiceManager/ServiceManager.php:504
    0.2235    5378176  48. Zend\ServiceManager\ServiceManager->doCreate() /var/www/zf2-b/vendor/zendframework/zendframework/library/Zend/ServiceManager/ServiceManager.php:572
    0.2235    5378224  49. Zend\ServiceManager\ServiceManager->createFromAbstractFactory() /var/www/zf2-b/vendor/zendframework/zendframework/library/Zend/ServiceManager/ServiceManager.php:620
    0.2236    5379056  50. Zend\ServiceManager\ServiceManager->createServiceViaCallback() /var/www/zf2-b/vendor/zendframework/zendframework/library/Zend/ServiceManager/ServiceManager.php:1064
    0.2236    5379432  51. call_user_func:{/var/www/zf2-b/vendor/zendframework/zendframework/library/Zend/ServiceManager/ServiceManager.php:902}() /var/www/zf2-b/vendor/zendframework/zendframework/library/Zend/ServiceManager/ServiceManager.php:902
    0.2236    5379472  52. DoctrineModule\ServiceFactory\AbstractDoctrineServiceFactory->createServiceWithName() /var/www/zf2-b/vendor/zendframework/zendframework/library/Zend/ServiceManager/ServiceManager.php:902
    0.2239    5393112  53. DoctrineORMModule\Service\DBALConnectionFactory->createService() /var/www/zf2-b/vendor/doctrine/doctrine-module/src/DoctrineModule/ServiceFactory/AbstractDoctrineServiceFactory.php:59
    0.2242    5416232  54. Zend\ServiceManager\ServiceManager->get() /var/www/zf2-b/vendor/doctrine/doctrine-orm-module/src/DoctrineORMModule/Service/DBALConnectionFactory.php:56
    0.2244    5417360  55. Zend\ServiceManager\ServiceManager->create() /var/www/zf2-b/vendor/zendframework/zendframework/library/Zend/ServiceManager/ServiceManager.php:504
    0.2244    5417360  56. Zend\ServiceManager\ServiceManager->doCreate() /var/www/zf2-b/vendor/zendframework/zendframework/library/Zend/ServiceManager/ServiceManager.php:572
    0.2244    5417408  57. Zend\ServiceManager\ServiceManager->createFromAbstractFactory() /var/www/zf2-b/vendor/zendframework/zendframework/library/Zend/ServiceManager/ServiceManager.php:620
    0.2244    5418240  58. Zend\ServiceManager\ServiceManager->createServiceViaCallback() /var/www/zf2-b/vendor/zendframework/zendframework/library/Zend/ServiceManager/ServiceManager.php:1064
    0.2244    5418632  59. call_user_func:{/var/www/zf2-b/vendor/zendframework/zendframework/library/Zend/ServiceManager/ServiceManager.php:902}() /var/www/zf2-b/vendor/zendframework/zendframework/library/Zend/ServiceManager/ServiceManager.php:902
    0.2244    5418672  60. DoctrineModule\ServiceFactory\AbstractDoctrineServiceFactory->createServiceWithName() /var/www/zf2-b/vendor/zendframework/zendframework/library/Zend/ServiceManager/ServiceManager.php:902
    0.2252    5466640  61. DoctrineORMModule\Service\ConfigurationFactory->createService() /var/www/zf2-b/vendor/doctrine/doctrine-module/src/DoctrineModule/ServiceFactory/AbstractDoctrineServiceFactory.php:59
    0.2289    5745760  62. Zend\ServiceManager\ServiceManager->get() /var/www/zf2-b/vendor/doctrine/doctrine-orm-module/src/DoctrineORMModule/Service/ConfigurationFactory.php:67
    0.2330    5746848  63. Zend\ServiceManager\ServiceManager->create() /var/www/zf2-b/vendor/zendframework/zendframework/library/Zend/ServiceManager/ServiceManager.php:504
    0.2331    5746848  64. Zend\ServiceManager\ServiceManager->doCreate() /var/www/zf2-b/vendor/zendframework/zendframework/library/Zend/ServiceManager/ServiceManager.php:572
    0.2331    5746896  65. Zend\ServiceManager\ServiceManager->createFromAbstractFactory() /var/www/zf2-b/vendor/zendframework/zendframework/library/Zend/ServiceManager/ServiceManager.php:620
    0.2331    5747712  66. Zend\ServiceManager\ServiceManager->createServiceViaCallback() /var/www/zf2-b/vendor/zendframework/zendframework/library/Zend/ServiceManager/ServiceManager.php:1064

Zend\ServiceManager\Exception\ServiceNotCreatedException: An abstract factory could not create an instance of doctrine.driver.ormdefault(alias: doctrine.driver.orm_default). in /var/www/zf2-b/vendor/zendframework/zendframework/library/Zend/ServiceManager/ServiceManager.php on line 1070

Call Stack:
    0.0001     228344   1. {main}() /var/www/zf2-b/vendor/doctrine/doctrine-module/bin/doctrine-module:0
    0.0003     238200   2. include('/var/www/zf2-b/vendor/doctrine/doctrine-module/bin/doctrine-module.php') /var/www/zf2-b/vendor/doctrine/doctrine-module/bin/doctrine-module:4
    0.0159     421376   3. Zend\Mvc\Application::init() /var/www/zf2-b/vendor/doctrine/doctrine-module/bin/doctrine-module.php:48
    0.1416    3086120   4. Zend\Mvc\Application->bootstrap() /var/www/zf2-b/vendor/zendframework/zendframework/library/Zend/Mvc/Application.php:260
    0.1549    3401184   5. Zend\ServiceManager\ServiceManager->get() /var/www/zf2-b/vendor/zendframework/zendframework/library/Zend/Mvc/Application.php:153
    0.1549    3402120   6. Zend\ServiceManager\ServiceManager->create() /var/www/zf2-b/vendor/zendframework/zendframework/library/Zend/ServiceManager/ServiceManager.php:504
    0.1549    3402120   7. Zend\ServiceManager\ServiceManager->doCreate() /var/www/zf2-b/vendor/zendframework/zendframework/library/Zend/ServiceManager/ServiceManager.php:572
    0.1549    3402168   8. Zend\ServiceManager\ServiceManager->createFromFactory() /var/www/zf2-b/vendor/zendframework/zendframework/library/Zend/ServiceManager/ServiceManager.php:612
    0.1551    3412000   9. Zend\ServiceManager\ServiceManager->createServiceViaCallback() /var/www/zf2-b/vendor/zendframework/zendframework/library/Zend/ServiceManager/ServiceManager.php:1032
    0.1551    3412328  10. call_user_func:{/var/www/zf2-b/vendor/zendframework/zendframework/library/Zend/ServiceManager/ServiceManager.php:902}() /var/www/zf2-b/vendor/zendframework/zendframework/library/Zend/ServiceManager/ServiceManager.php:902
    0.1551    3412472  11. Zend\Mvc\Service\RouterFactory->createService() /var/www/zf2-b/vendor/zendframework/zendframework/library/Zend/ServiceManager/ServiceManager.php:902
    0.1552    3413264  12. call_user_func:{/var/www/zf2-b/vendor/zendframework/zendframework/library/Zend/Mvc/Service/RouterFactory.php:60}() /var/www/zf2-b/vendor/zendframework/zendframework/library/Zend/Mvc/Service/RouterFactory.php:60
    0.1564    3489424  13. Zend\Mvc\Router\SimpleRouteStack::factory() /var/www/zf2-b/vendor/zendframework/zendframework/library/Zend/Mvc/Service/RouterFactory.php:60
    0.1613    3537688  14. Zend\Mvc\Router\SimpleRouteStack->addRoutes() /var/www/zf2-b/vendor/zendframework/zendframework/library/Zend/Mvc/Router/SimpleRouteStack.php:84
    0.1613    3538144  15. Zend\Mvc\Router\Console\SimpleRouteStack->addRoute() /var/www/zf2-b/vendor/zendframework/zendframework/library/Zend/Mvc/Router/SimpleRouteStack.php:140
    0.1613    3538280  16. Zend\Mvc\Router\Console\SimpleRouteStack->routeFromArray() /var/www/zf2-b/vendor/zendframework/zendframework/library/Zend/Mvc/Router/Console/SimpleRouteStack.php:51
    0.1613    3538392  17. Zend\Mvc\Router\SimpleRouteStack->routeFromArray() /var/www/zf2-b/vendor/zendframework/zendframework/library/Zend/Mvc/Router/Console/SimpleRouteStack.php:78
    0.1614    3539096  18. Zend\ServiceManager\AbstractPluginManager->get() /var/www/zf2-b/vendor/zendframework/zendframework/library/Zend/Mvc/Router/SimpleRouteStack.php:274
    0.1614    3539144  19. Zend\ServiceManager\ServiceManager->get() /var/www/zf2-b/vendor/zendframework/zendframework/library/Zend/ServiceManager/AbstractPluginManager.php:103
    0.1614    3540440  20. Zend\ServiceManager\ServiceManager->create() /var/www/zf2-b/vendor/zendframework/zendframework/library/Zend/ServiceManager/ServiceManager.php:504
    0.1614    3540728  21. Zend\ServiceManager\ServiceManager->doCreate() /var/www/zf2-b/vendor/zendframework/zendframework/library/Zend/ServiceManager/ServiceManager.php:572
    0.1614    3540992  22. Zend\ServiceManager\AbstractPluginManager->createFromFactory() /var/www/zf2-b/vendor/zendframework/zendframework/library/Zend/ServiceManager/ServiceManager.php:612
    0.1618    3545488  23. Zend\ServiceManager\AbstractPluginManager->createServiceViaCallback() /var/www/zf2-b/vendor/zendframework/zendframework/library/Zend/ServiceManager/AbstractPluginManager.php:205
    0.1618    3545928  24. Zend\ServiceManager\ServiceManager->createServiceViaCallback() /var/www/zf2-b/vendor/zendframework/zendframework/library/Zend/ServiceManager/AbstractPluginManager.php:245
    0.1618    3546272  25. call_user_func:{/var/www/zf2-b/vendor/zendframework/zendframework/library/Zend/ServiceManager/ServiceManager.php:902}() /var/www/zf2-b/vendor/zendframework/zendframework/library/Zend/ServiceManager/ServiceManager.php:902
    0.1618    3546368  26. DoctrineModule\Service\SymfonyCliRouteFactory->createService() /var/www/zf2-b/vendor/zendframework/zendframework/library/Zend/ServiceManager/ServiceManager.php:902
    0.1618    3546448  27. Zend\ServiceManager\ServiceManager->get() /var/www/zf2-b/vendor/doctrine/doctrine-module/src/DoctrineModule/Service/SymfonyCliRouteFactory.php:38
    0.1618    3547136  28. Zend\ServiceManager\ServiceManager->create() /var/www/zf2-b/vendor/zendframework/zendframework/library/Zend/ServiceManager/ServiceManager.php:504
    0.1618    3547136  29. Zend\ServiceManager\ServiceManager->doCreate() /var/www/zf2-b/vendor/zendframework/zendframework/library/Zend/ServiceManager/ServiceManager.php:572
    0.1618    3547184  30. Zend\ServiceManager\ServiceManager->createFromFactory() /var/www/zf2-b/vendor/zendframework/zendframework/library/Zend/ServiceManager/ServiceManager.php:612
    0.1621    3558664  31. Zend\ServiceManager\ServiceManager->createServiceViaCallback() /var/www/zf2-b/vendor/zendframework/zendframework/library/Zend/ServiceManager/ServiceManager.php:1032
    0.1621    3559008  32. call_user_func:{/var/www/zf2-b/vendor/zendframework/zendframework/library/Zend/ServiceManager/ServiceManager.php:902}() /var/www/zf2-b/vendor/zendframework/zendframework/library/Zend/ServiceManager/ServiceManager.php:902
    0.1621    3559224  33. DoctrineModule\Service\CliFactory->createService() /var/www/zf2-b/vendor/zendframework/zendframework/library/Zend/ServiceManager/ServiceManager.php:902
    0.1871    4662728  34. Zend\EventManager\EventManager->trigger() /var/www/zf2-b/vendor/doctrine/doctrine-module/src/DoctrineModule/Service/CliFactory.php:85
    0.1871    4663320  35. Zend\EventManager\EventManager->triggerListeners() /var/www/zf2-b/vendor/zendframework/zendframework/library/Zend/EventManager/EventManager.php:207
    0.1872    4668936  36. call_user_func:{/var/www/zf2-b/vendor/zendframework/zendframework/library/Zend/EventManager/EventManager.php:468}() /var/www/zf2-b/vendor/zendframework/zendframework/library/Zend/EventManager/EventManager.php:468
    0.1873    4669184  37. DoctrineORMModule\Module->initializeConsole() /var/www/zf2-b/vendor/zendframework/zendframework/library/Zend/EventManager/EventManager.php:468
    0.2166    5340056  38. Zend\ServiceManager\ServiceManager->get() /var/www/zf2-b/vendor/doctrine/doctrine-orm-module/src/DoctrineORMModule/Module.php:141
    0.2168    5342168  39. Zend\ServiceManager\ServiceManager->create() /var/www/zf2-b/vendor/zendframework/zendframework/library/Zend/ServiceManager/ServiceManager.php:504
    0.2168    5342168  40. Zend\ServiceManager\ServiceManager->doCreate() /var/www/zf2-b/vendor/zendframework/zendframework/library/Zend/ServiceManager/ServiceManager.php:572
    0.2168    5342416  41. Zend\ServiceManager\ServiceManager->createFromAbstractFactory() /var/www/zf2-b/vendor/zendframework/zendframework/library/Zend/ServiceManager/ServiceManager.php:620
    0.2168    5343464  42. Zend\ServiceManager\ServiceManager->createServiceViaCallback() /var/www/zf2-b/vendor/zendframework/zendframework/library/Zend/ServiceManager/ServiceManager.php:1064
    0.2168    5343856  43. call_user_func:{/var/www/zf2-b/vendor/zendframework/zendframework/library/Zend/ServiceManager/ServiceManager.php:902}() /var/www/zf2-b/vendor/zendframework/zendframework/library/Zend/ServiceManager/ServiceManager.php:902
    0.2168    5343952  44. DoctrineModule\ServiceFactory\AbstractDoctrineServiceFactory->createServiceWithName() /var/www/zf2-b/vendor/zendframework/zendframework/library/Zend/ServiceManager/ServiceManager.php:902
    0.2231    5363848  45. DoctrineORMModule\Service\EntityManagerFactory->createService() /var/www/zf2-b/vendor/doctrine/doctrine-module/src/DoctrineModule/ServiceFactory/AbstractDoctrineServiceFactory.php:59
    0.2234    5377088  46. Zend\ServiceManager\ServiceManager->get() /var/www/zf2-b/vendor/doctrine/doctrine-orm-module/src/DoctrineORMModule/Service/EntityManagerFactory.php:36
    0.2235    5378176  47. Zend\ServiceManager\ServiceManager->create() /var/www/zf2-b/vendor/zendframework/zendframework/library/Zend/ServiceManager/ServiceManager.php:504
    0.2235    5378176  48. Zend\ServiceManager\ServiceManager->doCreate() /var/www/zf2-b/vendor/zendframework/zendframework/library/Zend/ServiceManager/ServiceManager.php:572
    0.2235    5378224  49. Zend\ServiceManager\ServiceManager->createFromAbstractFactory() /var/www/zf2-b/vendor/zendframework/zendframework/library/Zend/ServiceManager/ServiceManager.php:620
    0.2236    5379056  50. Zend\ServiceManager\ServiceManager->createServiceViaCallback() /var/www/zf2-b/vendor/zendframework/zendframework/library/Zend/ServiceManager/ServiceManager.php:1064
    0.2236    5379432  51. call_user_func:{/var/www/zf2-b/vendor/zendframework/zendframework/library/Zend/ServiceManager/ServiceManager.php:902}() /var/www/zf2-b/vendor/zendframework/zendframework/library/Zend/ServiceManager/ServiceManager.php:902
    0.2236    5379472  52. DoctrineModule\ServiceFactory\AbstractDoctrineServiceFactory->createServiceWithName() /var/www/zf2-b/vendor/zendframework/zendframework/library/Zend/ServiceManager/ServiceManager.php:902
    0.2239    5393112  53. DoctrineORMModule\Service\DBALConnectionFactory->createService() /var/www/zf2-b/vendor/doctrine/doctrine-module/src/DoctrineModule/ServiceFactory/AbstractDoctrineServiceFactory.php:59
    0.2242    5416232  54. Zend\ServiceManager\ServiceManager->get() /var/www/zf2-b/vendor/doctrine/doctrine-orm-module/src/DoctrineORMModule/Service/DBALConnectionFactory.php:56
    0.2244    5417360  55. Zend\ServiceManager\ServiceManager->create() /var/www/zf2-b/vendor/zendframework/zendframework/library/Zend/ServiceManager/ServiceManager.php:504
    0.2244    5417360  56. Zend\ServiceManager\ServiceManager->doCreate() /var/www/zf2-b/vendor/zendframework/zendframework/library/Zend/ServiceManager/ServiceManager.php:572
    0.2244    5417408  57. Zend\ServiceManager\ServiceManager->createFromAbstractFactory() /var/www/zf2-b/vendor/zendframework/zendframework/library/Zend/ServiceManager/ServiceManager.php:620
    0.2244    5418240  58. Zend\ServiceManager\ServiceManager->createServiceViaCallback() /var/www/zf2-b/vendor/zendframework/zendframework/library/Zend/ServiceManager/ServiceManager.php:1064
    0.2244    5418632  59. call_user_func:{/var/www/zf2-b/vendor/zendframework/zendframework/library/Zend/ServiceManager/ServiceManager.php:902}() /var/www/zf2-b/vendor/zendframework/zendframework/library/Zend/ServiceManager/ServiceManager.php:902
    0.2244    5418672  60. DoctrineModule\ServiceFactory\AbstractDoctrineServiceFactory->createServiceWithName() /var/www/zf2-b/vendor/zendframework/zendframework/library/Zend/ServiceManager/ServiceManager.php:902
    0.2252    5466640  61. DoctrineORMModule\Service\ConfigurationFactory->createService() /var/www/zf2-b/vendor/doctrine/doctrine-module/src/DoctrineModule/ServiceFactory/AbstractDoctrineServiceFactory.php:59
    0.2289    5745760  62. Zend\ServiceManager\ServiceManager->get() /var/www/zf2-b/vendor/doctrine/doctrine-orm-module/src/DoctrineORMModule/Service/ConfigurationFactory.php:67
    0.2330    5746848  63. Zend\ServiceManager\ServiceManager->create() /var/www/zf2-b/vendor/zendframework/zendframework/library/Zend/ServiceManager/ServiceManager.php:504
    0.2331    5746848  64. Zend\ServiceManager\ServiceManager->doCreate() /var/www/zf2-b/vendor/zendframework/zendframework/library/Zend/ServiceManager/ServiceManager.php:572
    0.2331    5746896  65. Zend\ServiceManager\ServiceManager->createFromAbstractFactory() /var/www/zf2-b/vendor/zendframework/zendframework/library/Zend/ServiceManager/ServiceManager.php:620

Zend\ServiceManager\Exception\ServiceNotCreatedException: An exception was raised while creating "doctrine.configuration.orm_default"; no instance returned in /var/www/zf2-b/vendor/zendframework/zendframework/library/Zend/ServiceManager/ServiceManager.php on line 909

Call Stack:
    0.0001     228344   1. {main}() /var/www/zf2-b/vendor/doctrine/doctrine-module/bin/doctrine-module:0
    0.0003     238200   2. include('/var/www/zf2-b/vendor/doctrine/doctrine-module/bin/doctrine-module.php') /var/www/zf2-b/vendor/doctrine/doctrine-module/bin/doctrine-module:4
    0.0159     421376   3. Zend\Mvc\Application::init() /var/www/zf2-b/vendor/doctrine/doctrine-module/bin/doctrine-module.php:48
    0.1416    3086120   4. Zend\Mvc\Application->bootstrap() /var/www/zf2-b/vendor/zendframework/zendframework/library/Zend/Mvc/Application.php:260
    0.1549    3401184   5. Zend\ServiceManager\ServiceManager->get() /var/www/zf2-b/vendor/zendframework/zendframework/library/Zend/Mvc/Application.php:153
    0.1549    3402120   6. Zend\ServiceManager\ServiceManager->create() /var/www/zf2-b/vendor/zendframework/zendframework/library/Zend/ServiceManager/ServiceManager.php:504
    0.1549    3402120   7. Zend\ServiceManager\ServiceManager->doCreate() /var/www/zf2-b/vendor/zendframework/zendframework/library/Zend/ServiceManager/ServiceManager.php:572
    0.1549    3402168   8. Zend\ServiceManager\ServiceManager->createFromFactory() /var/www/zf2-b/vendor/zendframework/zendframework/library/Zend/ServiceManager/ServiceManager.php:612
    0.1551    3412000   9. Zend\ServiceManager\ServiceManager->createServiceViaCallback() /var/www/zf2-b/vendor/zendframework/zendframework/library/Zend/ServiceManager/ServiceManager.php:1032
    0.1551    3412328  10. call_user_func:{/var/www/zf2-b/vendor/zendframework/zendframework/library/Zend/ServiceManager/ServiceManager.php:902}() /var/www/zf2-b/vendor/zendframework/zendframework/library/Zend/ServiceManager/ServiceManager.php:902
    0.1551    3412472  11. Zend\Mvc\Service\RouterFactory->createService() /var/www/zf2-b/vendor/zendframework/zendframework/library/Zend/ServiceManager/ServiceManager.php:902
    0.1552    3413264  12. call_user_func:{/var/www/zf2-b/vendor/zendframework/zendframework/library/Zend/Mvc/Service/RouterFactory.php:60}() /var/www/zf2-b/vendor/zendframework/zendframework/library/Zend/Mvc/Service/RouterFactory.php:60
    0.1564    3489424  13. Zend\Mvc\Router\SimpleRouteStack::factory() /var/www/zf2-b/vendor/zendframework/zendframework/library/Zend/Mvc/Service/RouterFactory.php:60
    0.1613    3537688  14. Zend\Mvc\Router\SimpleRouteStack->addRoutes() /var/www/zf2-b/vendor/zendframework/zendframework/library/Zend/Mvc/Router/SimpleRouteStack.php:84
    0.1613    3538144  15. Zend\Mvc\Router\Console\SimpleRouteStack->addRoute() /var/www/zf2-b/vendor/zendframework/zendframework/library/Zend/Mvc/Router/SimpleRouteStack.php:140
    0.1613    3538280  16. Zend\Mvc\Router\Console\SimpleRouteStack->routeFromArray() /var/www/zf2-b/vendor/zendframework/zendframework/library/Zend/Mvc/Router/Console/SimpleRouteStack.php:51
    0.1613    3538392  17. Zend\Mvc\Router\SimpleRouteStack->routeFromArray() /var/www/zf2-b/vendor/zendframework/zendframework/library/Zend/Mvc/Router/Console/SimpleRouteStack.php:78
    0.1614    3539096  18. Zend\ServiceManager\AbstractPluginManager->get() /var/www/zf2-b/vendor/zendframework/zendframework/library/Zend/Mvc/Router/SimpleRouteStack.php:274
    0.1614    3539144  19. Zend\ServiceManager\ServiceManager->get() /var/www/zf2-b/vendor/zendframework/zendframework/library/Zend/ServiceManager/AbstractPluginManager.php:103
    0.1614    3540440  20. Zend\ServiceManager\ServiceManager->create() /var/www/zf2-b/vendor/zendframework/zendframework/library/Zend/ServiceManager/ServiceManager.php:504
    0.1614    3540728  21. Zend\ServiceManager\ServiceManager->doCreate() /var/www/zf2-b/vendor/zendframework/zendframework/library/Zend/ServiceManager/ServiceManager.php:572
    0.1614    3540992  22. Zend\ServiceManager\AbstractPluginManager->createFromFactory() /var/www/zf2-b/vendor/zendframework/zendframework/library/Zend/ServiceManager/ServiceManager.php:612
    0.1618    3545488  23. Zend\ServiceManager\AbstractPluginManager->createServiceViaCallback() /var/www/zf2-b/vendor/zendframework/zendframework/library/Zend/ServiceManager/AbstractPluginManager.php:205
    0.1618    3545928  24. Zend\ServiceManager\ServiceManager->createServiceViaCallback() /var/www/zf2-b/vendor/zendframework/zendframework/library/Zend/ServiceManager/AbstractPluginManager.php:245
    0.1618    3546272  25. call_user_func:{/var/www/zf2-b/vendor/zendframework/zendframework/library/Zend/ServiceManager/ServiceManager.php:902}() /var/www/zf2-b/vendor/zendframework/zendframework/library/Zend/ServiceManager/ServiceManager.php:902
    0.1618    3546368  26. DoctrineModule\Service\SymfonyCliRouteFactory->createService() /var/www/zf2-b/vendor/zendframework/zendframework/library/Zend/ServiceManager/ServiceManager.php:902
    0.1618    3546448  27. Zend\ServiceManager\ServiceManager->get() /var/www/zf2-b/vendor/doctrine/doctrine-module/src/DoctrineModule/Service/SymfonyCliRouteFactory.php:38
    0.1618    3547136  28. Zend\ServiceManager\ServiceManager->create() /var/www/zf2-b/vendor/zendframework/zendframework/library/Zend/ServiceManager/ServiceManager.php:504
    0.1618    3547136  29. Zend\ServiceManager\ServiceManager->doCreate() /var/www/zf2-b/vendor/zendframework/zendframework/library/Zend/ServiceManager/ServiceManager.php:572
    0.1618    3547184  30. Zend\ServiceManager\ServiceManager->createFromFactory() /var/www/zf2-b/vendor/zendframework/zendframework/library/Zend/ServiceManager/ServiceManager.php:612
    0.1621    3558664  31. Zend\ServiceManager\ServiceManager->createServiceViaCallback() /var/www/zf2-b/vendor/zendframework/zendframework/library/Zend/ServiceManager/ServiceManager.php:1032
    0.1621    3559008  32. call_user_func:{/var/www/zf2-b/vendor/zendframework/zendframework/library/Zend/ServiceManager/ServiceManager.php:902}() /var/www/zf2-b/vendor/zendframework/zendframework/library/Zend/ServiceManager/ServiceManager.php:902
    0.1621    3559224  33. DoctrineModule\Service\CliFactory->createService() /var/www/zf2-b/vendor/zendframework/zendframework/library/Zend/ServiceManager/ServiceManager.php:902
    0.1871    4662728  34. Zend\EventManager\EventManager->trigger() /var/www/zf2-b/vendor/doctrine/doctrine-module/src/DoctrineModule/Service/CliFactory.php:85
    0.1871    4663320  35. Zend\EventManager\EventManager->triggerListeners() /var/www/zf2-b/vendor/zendframework/zendframework/library/Zend/EventManager/EventManager.php:207
    0.1872    4668936  36. call_user_func:{/var/www/zf2-b/vendor/zendframework/zendframework/library/Zend/EventManager/EventManager.php:468}() /var/www/zf2-b/vendor/zendframework/zendframework/library/Zend/EventManager/EventManager.php:468
    0.1873    4669184  37. DoctrineORMModule\Module->initializeConsole() /var/www/zf2-b/vendor/zendframework/zendframework/library/Zend/EventManager/EventManager.php:468
    0.2166    5340056  38. Zend\ServiceManager\ServiceManager->get() /var/www/zf2-b/vendor/doctrine/doctrine-orm-module/src/DoctrineORMModule/Module.php:141
    0.2168    5342168  39. Zend\ServiceManager\ServiceManager->create() /var/www/zf2-b/vendor/zendframework/zendframework/library/Zend/ServiceManager/ServiceManager.php:504
    0.2168    5342168  40. Zend\ServiceManager\ServiceManager->doCreate() /var/www/zf2-b/vendor/zendframework/zendframework/library/Zend/ServiceManager/ServiceManager.php:572
    0.2168    5342416  41. Zend\ServiceManager\ServiceManager->createFromAbstractFactory() /var/www/zf2-b/vendor/zendframework/zendframework/library/Zend/ServiceManager/ServiceManager.php:620
    0.2168    5343464  42. Zend\ServiceManager\ServiceManager->createServiceViaCallback() /var/www/zf2-b/vendor/zendframework/zendframework/library/Zend/ServiceManager/ServiceManager.php:1064
    0.2168    5343856  43. call_user_func:{/var/www/zf2-b/vendor/zendframework/zendframework/library/Zend/ServiceManager/ServiceManager.php:902}() /var/www/zf2-b/vendor/zendframework/zendframework/library/Zend/ServiceManager/ServiceManager.php:902
    0.2168    5343952  44. DoctrineModule\ServiceFactory\AbstractDoctrineServiceFactory->createServiceWithName() /var/www/zf2-b/vendor/zendframework/zendframework/library/Zend/ServiceManager/ServiceManager.php:902
    0.2231    5363848  45. DoctrineORMModule\Service\EntityManagerFactory->createService() /var/www/zf2-b/vendor/doctrine/doctrine-module/src/DoctrineModule/ServiceFactory/AbstractDoctrineServiceFactory.php:59
    0.2234    5377088  46. Zend\ServiceManager\ServiceManager->get() /var/www/zf2-b/vendor/doctrine/doctrine-orm-module/src/DoctrineORMModule/Service/EntityManagerFactory.php:36
    0.2235    5378176  47. Zend\ServiceManager\ServiceManager->create() /var/www/zf2-b/vendor/zendframework/zendframework/library/Zend/ServiceManager/ServiceManager.php:504
    0.2235    5378176  48. Zend\ServiceManager\ServiceManager->doCreate() /var/www/zf2-b/vendor/zendframework/zendframework/library/Zend/ServiceManager/ServiceManager.php:572
    0.2235    5378224  49. Zend\ServiceManager\ServiceManager->createFromAbstractFactory() /var/www/zf2-b/vendor/zendframework/zendframework/library/Zend/ServiceManager/ServiceManager.php:620
    0.2236    5379056  50. Zend\ServiceManager\ServiceManager->createServiceViaCallback() /var/www/zf2-b/vendor/zendframework/zendframework/library/Zend/ServiceManager/ServiceManager.php:1064
    0.2236    5379432  51. call_user_func:{/var/www/zf2-b/vendor/zendframework/zendframework/library/Zend/ServiceManager/ServiceManager.php:902}() /var/www/zf2-b/vendor/zendframework/zendframework/library/Zend/ServiceManager/ServiceManager.php:902
    0.2236    5379472  52. DoctrineModule\ServiceFactory\AbstractDoctrineServiceFactory->createServiceWithName() /var/www/zf2-b/vendor/zendframework/zendframework/library/Zend/ServiceManager/ServiceManager.php:902
    0.2239    5393112  53. DoctrineORMModule\Service\DBALConnectionFactory->createService() /var/www/zf2-b/vendor/doctrine/doctrine-module/src/DoctrineModule/ServiceFactory/AbstractDoctrineServiceFactory.php:59
    0.2242    5416232  54. Zend\ServiceManager\ServiceManager->get() /var/www/zf2-b/vendor/doctrine/doctrine-orm-module/src/DoctrineORMModule/Service/DBALConnectionFactory.php:56
    0.2244    5417360  55. Zend\ServiceManager\ServiceManager->create() /var/www/zf2-b/vendor/zendframework/zendframework/library/Zend/ServiceManager/ServiceManager.php:504
    0.2244    5417360  56. Zend\ServiceManager\ServiceManager->doCreate() /var/www/zf2-b/vendor/zendframework/zendframework/library/Zend/ServiceManager/ServiceManager.php:572
    0.2244    5417408  57. Zend\ServiceManager\ServiceManager->createFromAbstractFactory() /var/www/zf2-b/vendor/zendframework/zendframework/library/Zend/ServiceManager/ServiceManager.php:620
    0.2244    5418240  58. Zend\ServiceManager\ServiceManager->createServiceViaCallback() /var/www/zf2-b/vendor/zendframework/zendframework/library/Zend/ServiceManager/ServiceManager.php:1064

Zend\ServiceManager\Exception\ServiceNotCreatedException: An abstract factory could not create an instance of doctrine.configuration.ormdefault(alias: doctrine.configuration.orm_default). in /var/www/zf2-b/vendor/zendframework/zendframework/library/Zend/ServiceManager/ServiceManager.php on line 1070

Call Stack:
    0.0001     228344   1. {main}() /var/www/zf2-b/vendor/doctrine/doctrine-module/bin/doctrine-module:0
    0.0003     238200   2. include('/var/www/zf2-b/vendor/doctrine/doctrine-module/bin/doctrine-module.php') /var/www/zf2-b/vendor/doctrine/doctrine-module/bin/doctrine-module:4
    0.0159     421376   3. Zend\Mvc\Application::init() /var/www/zf2-b/vendor/doctrine/doctrine-module/bin/doctrine-module.php:48
    0.1416    3086120   4. Zend\Mvc\Application->bootstrap() /var/www/zf2-b/vendor/zendframework/zendframework/library/Zend/Mvc/Application.php:260
    0.1549    3401184   5. Zend\ServiceManager\ServiceManager->get() /var/www/zf2-b/vendor/zendframework/zendframework/library/Zend/Mvc/Application.php:153
    0.1549    3402120   6. Zend\ServiceManager\ServiceManager->create() /var/www/zf2-b/vendor/zendframework/zendframework/library/Zend/ServiceManager/ServiceManager.php:504
    0.1549    3402120   7. Zend\ServiceManager\ServiceManager->doCreate() /var/www/zf2-b/vendor/zendframework/zendframework/library/Zend/ServiceManager/ServiceManager.php:572
    0.1549    3402168   8. Zend\ServiceManager\ServiceManager->createFromFactory() /var/www/zf2-b/vendor/zendframework/zendframework/library/Zend/ServiceManager/ServiceManager.php:612
    0.1551    3412000   9. Zend\ServiceManager\ServiceManager->createServiceViaCallback() /var/www/zf2-b/vendor/zendframework/zendframework/library/Zend/ServiceManager/ServiceManager.php:1032
    0.1551    3412328  10. call_user_func:{/var/www/zf2-b/vendor/zendframework/zendframework/library/Zend/ServiceManager/ServiceManager.php:902}() /var/www/zf2-b/vendor/zendframework/zendframework/library/Zend/ServiceManager/ServiceManager.php:902
    0.1551    3412472  11. Zend\Mvc\Service\RouterFactory->createService() /var/www/zf2-b/vendor/zendframework/zendframework/library/Zend/ServiceManager/ServiceManager.php:902
    0.1552    3413264  12. call_user_func:{/var/www/zf2-b/vendor/zendframework/zendframework/library/Zend/Mvc/Service/RouterFactory.php:60}() /var/www/zf2-b/vendor/zendframework/zendframework/library/Zend/Mvc/Service/RouterFactory.php:60
    0.1564    3489424  13. Zend\Mvc\Router\SimpleRouteStack::factory() /var/www/zf2-b/vendor/zendframework/zendframework/library/Zend/Mvc/Service/RouterFactory.php:60
    0.1613    3537688  14. Zend\Mvc\Router\SimpleRouteStack->addRoutes() /var/www/zf2-b/vendor/zendframework/zendframework/library/Zend/Mvc/Router/SimpleRouteStack.php:84
    0.1613    3538144  15. Zend\Mvc\Router\Console\SimpleRouteStack->addRoute() /var/www/zf2-b/vendor/zendframework/zendframework/library/Zend/Mvc/Router/SimpleRouteStack.php:140
    0.1613    3538280  16. Zend\Mvc\Router\Console\SimpleRouteStack->routeFromArray() /var/www/zf2-b/vendor/zendframework/zendframework/library/Zend/Mvc/Router/Console/SimpleRouteStack.php:51
    0.1613    3538392  17. Zend\Mvc\Router\SimpleRouteStack->routeFromArray() /var/www/zf2-b/vendor/zendframework/zendframework/library/Zend/Mvc/Router/Console/SimpleRouteStack.php:78
    0.1614    3539096  18. Zend\ServiceManager\AbstractPluginManager->get() /var/www/zf2-b/vendor/zendframework/zendframework/library/Zend/Mvc/Router/SimpleRouteStack.php:274
    0.1614    3539144  19. Zend\ServiceManager\ServiceManager->get() /var/www/zf2-b/vendor/zendframework/zendframework/library/Zend/ServiceManager/AbstractPluginManager.php:103
    0.1614    3540440  20. Zend\ServiceManager\ServiceManager->create() /var/www/zf2-b/vendor/zendframework/zendframework/library/Zend/ServiceManager/ServiceManager.php:504
    0.1614    3540728  21. Zend\ServiceManager\ServiceManager->doCreate() /var/www/zf2-b/vendor/zendframework/zendframework/library/Zend/ServiceManager/ServiceManager.php:572
    0.1614    3540992  22. Zend\ServiceManager\AbstractPluginManager->createFromFactory() /var/www/zf2-b/vendor/zendframework/zendframework/library/Zend/ServiceManager/ServiceManager.php:612
    0.1618    3545488  23. Zend\ServiceManager\AbstractPluginManager->createServiceViaCallback() /var/www/zf2-b/vendor/zendframework/zendframework/library/Zend/ServiceManager/AbstractPluginManager.php:205
    0.1618    3545928  24. Zend\ServiceManager\ServiceManager->createServiceViaCallback() /var/www/zf2-b/vendor/zendframework/zendframework/library/Zend/ServiceManager/AbstractPluginManager.php:245
    0.1618    3546272  25. call_user_func:{/var/www/zf2-b/vendor/zendframework/zendframework/library/Zend/ServiceManager/ServiceManager.php:902}() /var/www/zf2-b/vendor/zendframework/zendframework/library/Zend/ServiceManager/ServiceManager.php:902
    0.1618    3546368  26. DoctrineModule\Service\SymfonyCliRouteFactory->createService() /var/www/zf2-b/vendor/zendframework/zendframework/library/Zend/ServiceManager/ServiceManager.php:902
    0.1618    3546448  27. Zend\ServiceManager\ServiceManager->get() /var/www/zf2-b/vendor/doctrine/doctrine-module/src/DoctrineModule/Service/SymfonyCliRouteFactory.php:38
    0.1618    3547136  28. Zend\ServiceManager\ServiceManager->create() /var/www/zf2-b/vendor/zendframework/zendframework/library/Zend/ServiceManager/ServiceManager.php:504
    0.1618    3547136  29. Zend\ServiceManager\ServiceManager->doCreate() /var/www/zf2-b/vendor/zendframework/zendframework/library/Zend/ServiceManager/ServiceManager.php:572
    0.1618    3547184  30. Zend\ServiceManager\ServiceManager->createFromFactory() /var/www/zf2-b/vendor/zendframework/zendframework/library/Zend/ServiceManager/ServiceManager.php:612
    0.1621    3558664  31. Zend\ServiceManager\ServiceManager->createServiceViaCallback() /var/www/zf2-b/vendor/zendframework/zendframework/library/Zend/ServiceManager/ServiceManager.php:1032
    0.1621    3559008  32. call_user_func:{/var/www/zf2-b/vendor/zendframework/zendframework/library/Zend/ServiceManager/ServiceManager.php:902}() /var/www/zf2-b/vendor/zendframework/zendframework/library/Zend/ServiceManager/ServiceManager.php:902
    0.1621    3559224  33. DoctrineModule\Service\CliFactory->createService() /var/www/zf2-b/vendor/zendframework/zendframework/library/Zend/ServiceManager/ServiceManager.php:902
    0.1871    4662728  34. Zend\EventManager\EventManager->trigger() /var/www/zf2-b/vendor/doctrine/doctrine-module/src/DoctrineModule/Service/CliFactory.php:85
    0.1871    4663320  35. Zend\EventManager\EventManager->triggerListeners() /var/www/zf2-b/vendor/zendframework/zendframework/library/Zend/EventManager/EventManager.php:207
    0.1872    4668936  36. call_user_func:{/var/www/zf2-b/vendor/zendframework/zendframework/library/Zend/EventManager/EventManager.php:468}() /var/www/zf2-b/vendor/zendframework/zendframework/library/Zend/EventManager/EventManager.php:468
    0.1873    4669184  37. DoctrineORMModule\Module->initializeConsole() /var/www/zf2-b/vendor/zendframework/zendframework/library/Zend/EventManager/EventManager.php:468
    0.2166    5340056  38. Zend\ServiceManager\ServiceManager->get() /var/www/zf2-b/vendor/doctrine/doctrine-orm-module/src/DoctrineORMModule/Module.php:141
    0.2168    5342168  39. Zend\ServiceManager\ServiceManager->create() /var/www/zf2-b/vendor/zendframework/zendframework/library/Zend/ServiceManager/ServiceManager.php:504
    0.2168    5342168  40. Zend\ServiceManager\ServiceManager->doCreate() /var/www/zf2-b/vendor/zendframework/zendframework/library/Zend/ServiceManager/ServiceManager.php:572
    0.2168    5342416  41. Zend\ServiceManager\ServiceManager->createFromAbstractFactory() /var/www/zf2-b/vendor/zendframework/zendframework/library/Zend/ServiceManager/ServiceManager.php:620
    0.2168    5343464  42. Zend\ServiceManager\ServiceManager->createServiceViaCallback() /var/www/zf2-b/vendor/zendframework/zendframework/library/Zend/ServiceManager/ServiceManager.php:1064
    0.2168    5343856  43. call_user_func:{/var/www/zf2-b/vendor/zendframework/zendframework/library/Zend/ServiceManager/ServiceManager.php:902}() /var/www/zf2-b/vendor/zendframework/zendframework/library/Zend/ServiceManager/ServiceManager.php:902
    0.2168    5343952  44. DoctrineModule\ServiceFactory\AbstractDoctrineServiceFactory->createServiceWithName() /var/www/zf2-b/vendor/zendframework/zendframework/library/Zend/ServiceManager/ServiceManager.php:902
    0.2231    5363848  45. DoctrineORMModule\Service\EntityManagerFactory->createService() /var/www/zf2-b/vendor/doctrine/doctrine-module/src/DoctrineModule/ServiceFactory/AbstractDoctrineServiceFactory.php:59
    0.2234    5377088  46. Zend\ServiceManager\ServiceManager->get() /var/www/zf2-b/vendor/doctrine/doctrine-orm-module/src/DoctrineORMModule/Service/EntityManagerFactory.php:36
    0.2235    5378176  47. Zend\ServiceManager\ServiceManager->create() /var/www/zf2-b/vendor/zendframework/zendframework/library/Zend/ServiceManager/ServiceManager.php:504
    0.2235    5378176  48. Zend\ServiceManager\ServiceManager->doCreate() /var/www/zf2-b/vendor/zendframework/zendframework/library/Zend/ServiceManager/ServiceManager.php:572
    0.2235    5378224  49. Zend\ServiceManager\ServiceManager->createFromAbstractFactory() /var/www/zf2-b/vendor/zendframework/zendframework/library/Zend/ServiceManager/ServiceManager.php:620
    0.2236    5379056  50. Zend\ServiceManager\ServiceManager->createServiceViaCallback() /var/www/zf2-b/vendor/zendframework/zendframework/library/Zend/ServiceManager/ServiceManager.php:1064
    0.2236    5379432  51. call_user_func:{/var/www/zf2-b/vendor/zendframework/zendframework/library/Zend/ServiceManager/ServiceManager.php:902}() /var/www/zf2-b/vendor/zendframework/zendframework/library/Zend/ServiceManager/ServiceManager.php:902
    0.2236    5379472  52. DoctrineModule\ServiceFactory\AbstractDoctrineServiceFactory->createServiceWithName() /var/www/zf2-b/vendor/zendframework/zendframework/library/Zend/ServiceManager/ServiceManager.php:902
    0.2239    5393112  53. DoctrineORMModule\Service\DBALConnectionFactory->createService() /var/www/zf2-b/vendor/doctrine/doctrine-module/src/DoctrineModule/ServiceFactory/AbstractDoctrineServiceFactory.php:59
    0.2242    5416232  54. Zend\ServiceManager\ServiceManager->get() /var/www/zf2-b/vendor/doctrine/doctrine-orm-module/src/DoctrineORMModule/Service/DBALConnectionFactory.php:56
    0.2244    5417360  55. Zend\ServiceManager\ServiceManager->create() /var/www/zf2-b/vendor/zendframework/zendframework/library/Zend/ServiceManager/ServiceManager.php:504
    0.2244    5417360  56. Zend\ServiceManager\ServiceManager->doCreate() /var/www/zf2-b/vendor/zendframework/zendframework/library/Zend/ServiceManager/ServiceManager.php:572
    0.2244    5417408  57. Zend\ServiceManager\ServiceManager->createFromAbstractFactory() /var/www/zf2-b/vendor/zendframework/zendframework/library/Zend/ServiceManager/ServiceManager.php:620

Zend\ServiceManager\Exception\ServiceNotCreatedException: An exception was raised while creating "doctrine.connection.orm_default"; no instance returned in /var/www/zf2-b/vendor/zendframework/zendframework/library/Zend/ServiceManager/ServiceManager.php on line 909

Call Stack:
    0.0001     228344   1. {main}() /var/www/zf2-b/vendor/doctrine/doctrine-module/bin/doctrine-module:0
    0.0003     238200   2. include('/var/www/zf2-b/vendor/doctrine/doctrine-module/bin/doctrine-module.php') /var/www/zf2-b/vendor/doctrine/doctrine-module/bin/doctrine-module:4
    0.0159     421376   3. Zend\Mvc\Application::init() /var/www/zf2-b/vendor/doctrine/doctrine-module/bin/doctrine-module.php:48
    0.1416    3086120   4. Zend\Mvc\Application->bootstrap() /var/www/zf2-b/vendor/zendframework/zendframework/library/Zend/Mvc/Application.php:260
    0.1549    3401184   5. Zend\ServiceManager\ServiceManager->get() /var/www/zf2-b/vendor/zendframework/zendframework/library/Zend/Mvc/Application.php:153
    0.1549    3402120   6. Zend\ServiceManager\ServiceManager->create() /var/www/zf2-b/vendor/zendframework/zendframework/library/Zend/ServiceManager/ServiceManager.php:504
    0.1549    3402120   7. Zend\ServiceManager\ServiceManager->doCreate() /var/www/zf2-b/vendor/zendframework/zendframework/library/Zend/ServiceManager/ServiceManager.php:572
    0.1549    3402168   8. Zend\ServiceManager\ServiceManager->createFromFactory() /var/www/zf2-b/vendor/zendframework/zendframework/library/Zend/ServiceManager/ServiceManager.php:612
    0.1551    3412000   9. Zend\ServiceManager\ServiceManager->createServiceViaCallback() /var/www/zf2-b/vendor/zendframework/zendframework/library/Zend/ServiceManager/ServiceManager.php:1032
    0.1551    3412328  10. call_user_func:{/var/www/zf2-b/vendor/zendframework/zendframework/library/Zend/ServiceManager/ServiceManager.php:902}() /var/www/zf2-b/vendor/zendframework/zendframework/library/Zend/ServiceManager/ServiceManager.php:902
    0.1551    3412472  11. Zend\Mvc\Service\RouterFactory->createService() /var/www/zf2-b/vendor/zendframework/zendframework/library/Zend/ServiceManager/ServiceManager.php:902
    0.1552    3413264  12. call_user_func:{/var/www/zf2-b/vendor/zendframework/zendframework/library/Zend/Mvc/Service/RouterFactory.php:60}() /var/www/zf2-b/vendor/zendframework/zendframework/library/Zend/Mvc/Service/RouterFactory.php:60
    0.1564    3489424  13. Zend\Mvc\Router\SimpleRouteStack::factory() /var/www/zf2-b/vendor/zendframework/zendframework/library/Zend/Mvc/Service/RouterFactory.php:60
    0.1613    3537688  14. Zend\Mvc\Router\SimpleRouteStack->addRoutes() /var/www/zf2-b/vendor/zendframework/zendframework/library/Zend/Mvc/Router/SimpleRouteStack.php:84
    0.1613    3538144  15. Zend\Mvc\Router\Console\SimpleRouteStack->addRoute() /var/www/zf2-b/vendor/zendframework/zendframework/library/Zend/Mvc/Router/SimpleRouteStack.php:140
    0.1613    3538280  16. Zend\Mvc\Router\Console\SimpleRouteStack->routeFromArray() /var/www/zf2-b/vendor/zendframework/zendframework/library/Zend/Mvc/Router/Console/SimpleRouteStack.php:51
    0.1613    3538392  17. Zend\Mvc\Router\SimpleRouteStack->routeFromArray() /var/www/zf2-b/vendor/zendframework/zendframework/library/Zend/Mvc/Router/Console/SimpleRouteStack.php:78
    0.1614    3539096  18. Zend\ServiceManager\AbstractPluginManager->get() /var/www/zf2-b/vendor/zendframework/zendframework/library/Zend/Mvc/Router/SimpleRouteStack.php:274
    0.1614    3539144  19. Zend\ServiceManager\ServiceManager->get() /var/www/zf2-b/vendor/zendframework/zendframework/library/Zend/ServiceManager/AbstractPluginManager.php:103
    0.1614    3540440  20. Zend\ServiceManager\ServiceManager->create() /var/www/zf2-b/vendor/zendframework/zendframework/library/Zend/ServiceManager/ServiceManager.php:504
    0.1614    3540728  21. Zend\ServiceManager\ServiceManager->doCreate() /var/www/zf2-b/vendor/zendframework/zendframework/library/Zend/ServiceManager/ServiceManager.php:572
    0.1614    3540992  22. Zend\ServiceManager\AbstractPluginManager->createFromFactory() /var/www/zf2-b/vendor/zendframework/zendframework/library/Zend/ServiceManager/ServiceManager.php:612
    0.1618    3545488  23. Zend\ServiceManager\AbstractPluginManager->createServiceViaCallback() /var/www/zf2-b/vendor/zendframework/zendframework/library/Zend/ServiceManager/AbstractPluginManager.php:205
    0.1618    3545928  24. Zend\ServiceManager\ServiceManager->createServiceViaCallback() /var/www/zf2-b/vendor/zendframework/zendframework/library/Zend/ServiceManager/AbstractPluginManager.php:245
    0.1618    3546272  25. call_user_func:{/var/www/zf2-b/vendor/zendframework/zendframework/library/Zend/ServiceManager/ServiceManager.php:902}() /var/www/zf2-b/vendor/zendframework/zendframework/library/Zend/ServiceManager/ServiceManager.php:902
    0.1618    3546368  26. DoctrineModule\Service\SymfonyCliRouteFactory->createService() /var/www/zf2-b/vendor/zendframework/zendframework/library/Zend/ServiceManager/ServiceManager.php:902
    0.1618    3546448  27. Zend\ServiceManager\ServiceManager->get() /var/www/zf2-b/vendor/doctrine/doctrine-module/src/DoctrineModule/Service/SymfonyCliRouteFactory.php:38
    0.1618    3547136  28. Zend\ServiceManager\ServiceManager->create() /var/www/zf2-b/vendor/zendframework/zendframework/library/Zend/ServiceManager/ServiceManager.php:504
    0.1618    3547136  29. Zend\ServiceManager\ServiceManager->doCreate() /var/www/zf2-b/vendor/zendframework/zendframework/library/Zend/ServiceManager/ServiceManager.php:572
    0.1618    3547184  30. Zend\ServiceManager\ServiceManager->createFromFactory() /var/www/zf2-b/vendor/zendframework/zendframework/library/Zend/ServiceManager/ServiceManager.php:612
    0.1621    3558664  31. Zend\ServiceManager\ServiceManager->createServiceViaCallback() /var/www/zf2-b/vendor/zendframework/zendframework/library/Zend/ServiceManager/ServiceManager.php:1032
    0.1621    3559008  32. call_user_func:{/var/www/zf2-b/vendor/zendframework/zendframework/library/Zend/ServiceManager/ServiceManager.php:902}() /var/www/zf2-b/vendor/zendframework/zendframework/library/Zend/ServiceManager/ServiceManager.php:902
    0.1621    3559224  33. DoctrineModule\Service\CliFactory->createService() /var/www/zf2-b/vendor/zendframework/zendframework/library/Zend/ServiceManager/ServiceManager.php:902
    0.1871    4662728  34. Zend\EventManager\EventManager->trigger() /var/www/zf2-b/vendor/doctrine/doctrine-module/src/DoctrineModule/Service/CliFactory.php:85
    0.1871    4663320  35. Zend\EventManager\EventManager->triggerListeners() /var/www/zf2-b/vendor/zendframework/zendframework/library/Zend/EventManager/EventManager.php:207
    0.1872    4668936  36. call_user_func:{/var/www/zf2-b/vendor/zendframework/zendframework/library/Zend/EventManager/EventManager.php:468}() /var/www/zf2-b/vendor/zendframework/zendframework/library/Zend/EventManager/EventManager.php:468
    0.1873    4669184  37. DoctrineORMModule\Module->initializeConsole() /var/www/zf2-b/vendor/zendframework/zendframework/library/Zend/EventManager/EventManager.php:468
    0.2166    5340056  38. Zend\ServiceManager\ServiceManager->get() /var/www/zf2-b/vendor/doctrine/doctrine-orm-module/src/DoctrineORMModule/Module.php:141
    0.2168    5342168  39. Zend\ServiceManager\ServiceManager->create() /var/www/zf2-b/vendor/zendframework/zendframework/library/Zend/ServiceManager/ServiceManager.php:504
    0.2168    5342168  40. Zend\ServiceManager\ServiceManager->doCreate() /var/www/zf2-b/vendor/zendframework/zendframework/library/Zend/ServiceManager/ServiceManager.php:572
    0.2168    5342416  41. Zend\ServiceManager\ServiceManager->createFromAbstractFactory() /var/www/zf2-b/vendor/zendframework/zendframework/library/Zend/ServiceManager/ServiceManager.php:620
    0.2168    5343464  42. Zend\ServiceManager\ServiceManager->createServiceViaCallback() /var/www/zf2-b/vendor/zendframework/zendframework/library/Zend/ServiceManager/ServiceManager.php:1064
    0.2168    5343856  43. call_user_func:{/var/www/zf2-b/vendor/zendframework/zendframework/library/Zend/ServiceManager/ServiceManager.php:902}() /var/www/zf2-b/vendor/zendframework/zendframework/library/Zend/ServiceManager/ServiceManager.php:902
    0.2168    5343952  44. DoctrineModule\ServiceFactory\AbstractDoctrineServiceFactory->createServiceWithName() /var/www/zf2-b/vendor/zendframework/zendframework/library/Zend/ServiceManager/ServiceManager.php:902
    0.2231    5363848  45. DoctrineORMModule\Service\EntityManagerFactory->createService() /var/www/zf2-b/vendor/doctrine/doctrine-module/src/DoctrineModule/ServiceFactory/AbstractDoctrineServiceFactory.php:59
    0.2234    5377088  46. Zend\ServiceManager\ServiceManager->get() /var/www/zf2-b/vendor/doctrine/doctrine-orm-module/src/DoctrineORMModule/Service/EntityManagerFactory.php:36
    0.2235    5378176  47. Zend\ServiceManager\ServiceManager->create() /var/www/zf2-b/vendor/zendframework/zendframework/library/Zend/ServiceManager/ServiceManager.php:504
    0.2235    5378176  48. Zend\ServiceManager\ServiceManager->doCreate() /var/www/zf2-b/vendor/zendframework/zendframework/library/Zend/ServiceManager/ServiceManager.php:572
    0.2235    5378224  49. Zend\ServiceManager\ServiceManager->createFromAbstractFactory() /var/www/zf2-b/vendor/zendframework/zendframework/library/Zend/ServiceManager/ServiceManager.php:620
    0.2236    5379056  50. Zend\ServiceManager\ServiceManager->createServiceViaCallback() /var/www/zf2-b/vendor/zendframework/zendframework/library/Zend/ServiceManager/ServiceManager.php:1064

Zend\ServiceManager\Exception\ServiceNotCreatedException: An abstract factory could not create an instance of doctrine.connection.ormdefault(alias: doctrine.connection.orm_default). in /var/www/zf2-b/vendor/zendframework/zendframework/library/Zend/ServiceManager/ServiceManager.php on line 1070

Call Stack:
    0.0001     228344   1. {main}() /var/www/zf2-b/vendor/doctrine/doctrine-module/bin/doctrine-module:0
    0.0003     238200   2. include('/var/www/zf2-b/vendor/doctrine/doctrine-module/bin/doctrine-module.php') /var/www/zf2-b/vendor/doctrine/doctrine-module/bin/doctrine-module:4
    0.0159     421376   3. Zend\Mvc\Application::init() /var/www/zf2-b/vendor/doctrine/doctrine-module/bin/doctrine-module.php:48
    0.1416    3086120   4. Zend\Mvc\Application->bootstrap() /var/www/zf2-b/vendor/zendframework/zendframework/library/Zend/Mvc/Application.php:260
    0.1549    3401184   5. Zend\ServiceManager\ServiceManager->get() /var/www/zf2-b/vendor/zendframework/zendframework/library/Zend/Mvc/Application.php:153
    0.1549    3402120   6. Zend\ServiceManager\ServiceManager->create() /var/www/zf2-b/vendor/zendframework/zendframework/library/Zend/ServiceManager/ServiceManager.php:504
    0.1549    3402120   7. Zend\ServiceManager\ServiceManager->doCreate() /var/www/zf2-b/vendor/zendframework/zendframework/library/Zend/ServiceManager/ServiceManager.php:572
    0.1549    3402168   8. Zend\ServiceManager\ServiceManager->createFromFactory() /var/www/zf2-b/vendor/zendframework/zendframework/library/Zend/ServiceManager/ServiceManager.php:612
    0.1551    3412000   9. Zend\ServiceManager\ServiceManager->createServiceViaCallback() /var/www/zf2-b/vendor/zendframework/zendframework/library/Zend/ServiceManager/ServiceManager.php:1032
    0.1551    3412328  10. call_user_func:{/var/www/zf2-b/vendor/zendframework/zendframework/library/Zend/ServiceManager/ServiceManager.php:902}() /var/www/zf2-b/vendor/zendframework/zendframework/library/Zend/ServiceManager/ServiceManager.php:902
    0.1551    3412472  11. Zend\Mvc\Service\RouterFactory->createService() /var/www/zf2-b/vendor/zendframework/zendframework/library/Zend/ServiceManager/ServiceManager.php:902
    0.1552    3413264  12. call_user_func:{/var/www/zf2-b/vendor/zendframework/zendframework/library/Zend/Mvc/Service/RouterFactory.php:60}() /var/www/zf2-b/vendor/zendframework/zendframework/library/Zend/Mvc/Service/RouterFactory.php:60
    0.1564    3489424  13. Zend\Mvc\Router\SimpleRouteStack::factory() /var/www/zf2-b/vendor/zendframework/zendframework/library/Zend/Mvc/Service/RouterFactory.php:60
    0.1613    3537688  14. Zend\Mvc\Router\SimpleRouteStack->addRoutes() /var/www/zf2-b/vendor/zendframework/zendframework/library/Zend/Mvc/Router/SimpleRouteStack.php:84
    0.1613    3538144  15. Zend\Mvc\Router\Console\SimpleRouteStack->addRoute() /var/www/zf2-b/vendor/zendframework/zendframework/library/Zend/Mvc/Router/SimpleRouteStack.php:140
    0.1613    3538280  16. Zend\Mvc\Router\Console\SimpleRouteStack->routeFromArray() /var/www/zf2-b/vendor/zendframework/zendframework/library/Zend/Mvc/Router/Console/SimpleRouteStack.php:51
    0.1613    3538392  17. Zend\Mvc\Router\SimpleRouteStack->routeFromArray() /var/www/zf2-b/vendor/zendframework/zendframework/library/Zend/Mvc/Router/Console/SimpleRouteStack.php:78
    0.1614    3539096  18. Zend\ServiceManager\AbstractPluginManager->get() /var/www/zf2-b/vendor/zendframework/zendframework/library/Zend/Mvc/Router/SimpleRouteStack.php:274
    0.1614    3539144  19. Zend\ServiceManager\ServiceManager->get() /var/www/zf2-b/vendor/zendframework/zendframework/library/Zend/ServiceManager/AbstractPluginManager.php:103
    0.1614    3540440  20. Zend\ServiceManager\ServiceManager->create() /var/www/zf2-b/vendor/zendframework/zendframework/library/Zend/ServiceManager/ServiceManager.php:504
    0.1614    3540728  21. Zend\ServiceManager\ServiceManager->doCreate() /var/www/zf2-b/vendor/zendframework/zendframework/library/Zend/ServiceManager/ServiceManager.php:572
    0.1614    3540992  22. Zend\ServiceManager\AbstractPluginManager->createFromFactory() /var/www/zf2-b/vendor/zendframework/zendframework/library/Zend/ServiceManager/ServiceManager.php:612
    0.1618    3545488  23. Zend\ServiceManager\AbstractPluginManager->createServiceViaCallback() /var/www/zf2-b/vendor/zendframework/zendframework/library/Zend/ServiceManager/AbstractPluginManager.php:205
    0.1618    3545928  24. Zend\ServiceManager\ServiceManager->createServiceViaCallback() /var/www/zf2-b/vendor/zendframework/zendframework/library/Zend/ServiceManager/AbstractPluginManager.php:245
    0.1618    3546272  25. call_user_func:{/var/www/zf2-b/vendor/zendframework/zendframework/library/Zend/ServiceManager/ServiceManager.php:902}() /var/www/zf2-b/vendor/zendframework/zendframework/library/Zend/ServiceManager/ServiceManager.php:902
    0.1618    3546368  26. DoctrineModule\Service\SymfonyCliRouteFactory->createService() /var/www/zf2-b/vendor/zendframework/zendframework/library/Zend/ServiceManager/ServiceManager.php:902
    0.1618    3546448  27. Zend\ServiceManager\ServiceManager->get() /var/www/zf2-b/vendor/doctrine/doctrine-module/src/DoctrineModule/Service/SymfonyCliRouteFactory.php:38
    0.1618    3547136  28. Zend\ServiceManager\ServiceManager->create() /var/www/zf2-b/vendor/zendframework/zendframework/library/Zend/ServiceManager/ServiceManager.php:504
    0.1618    3547136  29. Zend\ServiceManager\ServiceManager->doCreate() /var/www/zf2-b/vendor/zendframework/zendframework/library/Zend/ServiceManager/ServiceManager.php:572
    0.1618    3547184  30. Zend\ServiceManager\ServiceManager->createFromFactory() /var/www/zf2-b/vendor/zendframework/zendframework/library/Zend/ServiceManager/ServiceManager.php:612
    0.1621    3558664  31. Zend\ServiceManager\ServiceManager->createServiceViaCallback() /var/www/zf2-b/vendor/zendframework/zendframework/library/Zend/ServiceManager/ServiceManager.php:1032
    0.1621    3559008  32. call_user_func:{/var/www/zf2-b/vendor/zendframework/zendframework/library/Zend/ServiceManager/ServiceManager.php:902}() /var/www/zf2-b/vendor/zendframework/zendframework/library/Zend/ServiceManager/ServiceManager.php:902
    0.1621    3559224  33. DoctrineModule\Service\CliFactory->createService() /var/www/zf2-b/vendor/zendframework/zendframework/library/Zend/ServiceManager/ServiceManager.php:902
    0.1871    4662728  34. Zend\EventManager\EventManager->trigger() /var/www/zf2-b/vendor/doctrine/doctrine-module/src/DoctrineModule/Service/CliFactory.php:85
    0.1871    4663320  35. Zend\EventManager\EventManager->triggerListeners() /var/www/zf2-b/vendor/zendframework/zendframework/library/Zend/EventManager/EventManager.php:207
    0.1872    4668936  36. call_user_func:{/var/www/zf2-b/vendor/zendframework/zendframework/library/Zend/EventManager/EventManager.php:468}() /var/www/zf2-b/vendor/zendframework/zendframework/library/Zend/EventManager/EventManager.php:468
    0.1873    4669184  37. DoctrineORMModule\Module->initializeConsole() /var/www/zf2-b/vendor/zendframework/zendframework/library/Zend/EventManager/EventManager.php:468
    0.2166    5340056  38. Zend\ServiceManager\ServiceManager->get() /var/www/zf2-b/vendor/doctrine/doctrine-orm-module/src/DoctrineORMModule/Module.php:141
    0.2168    5342168  39. Zend\ServiceManager\ServiceManager->create() /var/www/zf2-b/vendor/zendframework/zendframework/library/Zend/ServiceManager/ServiceManager.php:504
    0.2168    5342168  40. Zend\ServiceManager\ServiceManager->doCreate() /var/www/zf2-b/vendor/zendframework/zendframework/library/Zend/ServiceManager/ServiceManager.php:572
    0.2168    5342416  41. Zend\ServiceManager\ServiceManager->createFromAbstractFactory() /var/www/zf2-b/vendor/zendframework/zendframework/library/Zend/ServiceManager/ServiceManager.php:620
    0.2168    5343464  42. Zend\ServiceManager\ServiceManager->createServiceViaCallback() /var/www/zf2-b/vendor/zendframework/zendframework/library/Zend/ServiceManager/ServiceManager.php:1064
    0.2168    5343856  43. call_user_func:{/var/www/zf2-b/vendor/zendframework/zendframework/library/Zend/ServiceManager/ServiceManager.php:902}() /var/www/zf2-b/vendor/zendframework/zendframework/library/Zend/ServiceManager/ServiceManager.php:902
    0.2168    5343952  44. DoctrineModule\ServiceFactory\AbstractDoctrineServiceFactory->createServiceWithName() /var/www/zf2-b/vendor/zendframework/zendframework/library/Zend/ServiceManager/ServiceManager.php:902
    0.2231    5363848  45. DoctrineORMModule\Service\EntityManagerFactory->createService() /var/www/zf2-b/vendor/doctrine/doctrine-module/src/DoctrineModule/ServiceFactory/AbstractDoctrineServiceFactory.php:59
    0.2234    5377088  46. Zend\ServiceManager\ServiceManager->get() /var/www/zf2-b/vendor/doctrine/doctrine-orm-module/src/DoctrineORMModule/Service/EntityManagerFactory.php:36
    0.2235    5378176  47. Zend\ServiceManager\ServiceManager->create() /var/www/zf2-b/vendor/zendframework/zendframework/library/Zend/ServiceManager/ServiceManager.php:504
    0.2235    5378176  48. Zend\ServiceManager\ServiceManager->doCreate() /var/www/zf2-b/vendor/zendframework/zendframework/library/Zend/ServiceManager/ServiceManager.php:572
    0.2235    5378224  49. Zend\ServiceManager\ServiceManager->createFromAbstractFactory() /var/www/zf2-b/vendor/zendframework/zendframework/library/Zend/ServiceManager/ServiceManager.php:620

Zend\ServiceManager\Exception\ServiceNotCreatedException: An exception was raised while creating "doctrine.entitymanager.orm_default"; no instance returned in /var/www/zf2-b/vendor/zendframework/zendframework/library/Zend/ServiceManager/ServiceManager.php on line 909

Call Stack:
    0.0001     228344   1. {main}() /var/www/zf2-b/vendor/doctrine/doctrine-module/bin/doctrine-module:0
    0.0003     238200   2. include('/var/www/zf2-b/vendor/doctrine/doctrine-module/bin/doctrine-module.php') /var/www/zf2-b/vendor/doctrine/doctrine-module/bin/doctrine-module:4
    0.0159     421376   3. Zend\Mvc\Application::init() /var/www/zf2-b/vendor/doctrine/doctrine-module/bin/doctrine-module.php:48
    0.1416    3086120   4. Zend\Mvc\Application->bootstrap() /var/www/zf2-b/vendor/zendframework/zendframework/library/Zend/Mvc/Application.php:260
    0.1549    3401184   5. Zend\ServiceManager\ServiceManager->get() /var/www/zf2-b/vendor/zendframework/zendframework/library/Zend/Mvc/Application.php:153
    0.1549    3402120   6. Zend\ServiceManager\ServiceManager->create() /var/www/zf2-b/vendor/zendframework/zendframework/library/Zend/ServiceManager/ServiceManager.php:504
    0.1549    3402120   7. Zend\ServiceManager\ServiceManager->doCreate() /var/www/zf2-b/vendor/zendframework/zendframework/library/Zend/ServiceManager/ServiceManager.php:572
    0.1549    3402168   8. Zend\ServiceManager\ServiceManager->createFromFactory() /var/www/zf2-b/vendor/zendframework/zendframework/library/Zend/ServiceManager/ServiceManager.php:612
    0.1551    3412000   9. Zend\ServiceManager\ServiceManager->createServiceViaCallback() /var/www/zf2-b/vendor/zendframework/zendframework/library/Zend/ServiceManager/ServiceManager.php:1032
    0.1551    3412328  10. call_user_func:{/var/www/zf2-b/vendor/zendframework/zendframework/library/Zend/ServiceManager/ServiceManager.php:902}() /var/www/zf2-b/vendor/zendframework/zendframework/library/Zend/ServiceManager/ServiceManager.php:902
    0.1551    3412472  11. Zend\Mvc\Service\RouterFactory->createService() /var/www/zf2-b/vendor/zendframework/zendframework/library/Zend/ServiceManager/ServiceManager.php:902
    0.1552    3413264  12. call_user_func:{/var/www/zf2-b/vendor/zendframework/zendframework/library/Zend/Mvc/Service/RouterFactory.php:60}() /var/www/zf2-b/vendor/zendframework/zendframework/library/Zend/Mvc/Service/RouterFactory.php:60
    0.1564    3489424  13. Zend\Mvc\Router\SimpleRouteStack::factory() /var/www/zf2-b/vendor/zendframework/zendframework/library/Zend/Mvc/Service/RouterFactory.php:60
    0.1613    3537688  14. Zend\Mvc\Router\SimpleRouteStack->addRoutes() /var/www/zf2-b/vendor/zendframework/zendframework/library/Zend/Mvc/Router/SimpleRouteStack.php:84
    0.1613    3538144  15. Zend\Mvc\Router\Console\SimpleRouteStack->addRoute() /var/www/zf2-b/vendor/zendframework/zendframework/library/Zend/Mvc/Router/SimpleRouteStack.php:140
    0.1613    3538280  16. Zend\Mvc\Router\Console\SimpleRouteStack->routeFromArray() /var/www/zf2-b/vendor/zendframework/zendframework/library/Zend/Mvc/Router/Console/SimpleRouteStack.php:51
    0.1613    3538392  17. Zend\Mvc\Router\SimpleRouteStack->routeFromArray() /var/www/zf2-b/vendor/zendframework/zendframework/library/Zend/Mvc/Router/Console/SimpleRouteStack.php:78
    0.1614    3539096  18. Zend\ServiceManager\AbstractPluginManager->get() /var/www/zf2-b/vendor/zendframework/zendframework/library/Zend/Mvc/Router/SimpleRouteStack.php:274
    0.1614    3539144  19. Zend\ServiceManager\ServiceManager->get() /var/www/zf2-b/vendor/zendframework/zendframework/library/Zend/ServiceManager/AbstractPluginManager.php:103
    0.1614    3540440  20. Zend\ServiceManager\ServiceManager->create() /var/www/zf2-b/vendor/zendframework/zendframework/library/Zend/ServiceManager/ServiceManager.php:504
    0.1614    3540728  21. Zend\ServiceManager\ServiceManager->doCreate() /var/www/zf2-b/vendor/zendframework/zendframework/library/Zend/ServiceManager/ServiceManager.php:572
    0.1614    3540992  22. Zend\ServiceManager\AbstractPluginManager->createFromFactory() /var/www/zf2-b/vendor/zendframework/zendframework/library/Zend/ServiceManager/ServiceManager.php:612
    0.1618    3545488  23. Zend\ServiceManager\AbstractPluginManager->createServiceViaCallback() /var/www/zf2-b/vendor/zendframework/zendframework/library/Zend/ServiceManager/AbstractPluginManager.php:205
    0.1618    3545928  24. Zend\ServiceManager\ServiceManager->createServiceViaCallback() /var/www/zf2-b/vendor/zendframework/zendframework/library/Zend/ServiceManager/AbstractPluginManager.php:245
    0.1618    3546272  25. call_user_func:{/var/www/zf2-b/vendor/zendframework/zendframework/library/Zend/ServiceManager/ServiceManager.php:902}() /var/www/zf2-b/vendor/zendframework/zendframework/library/Zend/ServiceManager/ServiceManager.php:902
    0.1618    3546368  26. DoctrineModule\Service\SymfonyCliRouteFactory->createService() /var/www/zf2-b/vendor/zendframework/zendframework/library/Zend/ServiceManager/ServiceManager.php:902
    0.1618    3546448  27. Zend\ServiceManager\ServiceManager->get() /var/www/zf2-b/vendor/doctrine/doctrine-module/src/DoctrineModule/Service/SymfonyCliRouteFactory.php:38
    0.1618    3547136  28. Zend\ServiceManager\ServiceManager->create() /var/www/zf2-b/vendor/zendframework/zendframework/library/Zend/ServiceManager/ServiceManager.php:504
    0.1618    3547136  29. Zend\ServiceManager\ServiceManager->doCreate() /var/www/zf2-b/vendor/zendframework/zendframework/library/Zend/ServiceManager/ServiceManager.php:572
    0.1618    3547184  30. Zend\ServiceManager\ServiceManager->createFromFactory() /var/www/zf2-b/vendor/zendframework/zendframework/library/Zend/ServiceManager/ServiceManager.php:612
    0.1621    3558664  31. Zend\ServiceManager\ServiceManager->createServiceViaCallback() /var/www/zf2-b/vendor/zendframework/zendframework/library/Zend/ServiceManager/ServiceManager.php:1032
    0.1621    3559008  32. call_user_func:{/var/www/zf2-b/vendor/zendframework/zendframework/library/Zend/ServiceManager/ServiceManager.php:902}() /var/www/zf2-b/vendor/zendframework/zendframework/library/Zend/ServiceManager/ServiceManager.php:902
    0.1621    3559224  33. DoctrineModule\Service\CliFactory->createService() /var/www/zf2-b/vendor/zendframework/zendframework/library/Zend/ServiceManager/ServiceManager.php:902
    0.1871    4662728  34. Zend\EventManager\EventManager->trigger() /var/www/zf2-b/vendor/doctrine/doctrine-module/src/DoctrineModule/Service/CliFactory.php:85
    0.1871    4663320  35. Zend\EventManager\EventManager->triggerListeners() /var/www/zf2-b/vendor/zendframework/zendframework/library/Zend/EventManager/EventManager.php:207
    0.1872    4668936  36. call_user_func:{/var/www/zf2-b/vendor/zendframework/zendframework/library/Zend/EventManager/EventManager.php:468}() /var/www/zf2-b/vendor/zendframework/zendframework/library/Zend/EventManager/EventManager.php:468
    0.1873    4669184  37. DoctrineORMModule\Module->initializeConsole() /var/www/zf2-b/vendor/zendframework/zendframework/library/Zend/EventManager/EventManager.php:468
    0.2166    5340056  38. Zend\ServiceManager\ServiceManager->get() /var/www/zf2-b/vendor/doctrine/doctrine-orm-module/src/DoctrineORMModule/Module.php:141
    0.2168    5342168  39. Zend\ServiceManager\ServiceManager->create() /var/www/zf2-b/vendor/zendframework/zendframework/library/Zend/ServiceManager/ServiceManager.php:504
    0.2168    5342168  40. Zend\ServiceManager\ServiceManager->doCreate() /var/www/zf2-b/vendor/zendframework/zendframework/library/Zend/ServiceManager/ServiceManager.php:572
    0.2168    5342416  41. Zend\ServiceManager\ServiceManager->createFromAbstractFactory() /var/www/zf2-b/vendor/zendframework/zendframework/library/Zend/ServiceManager/ServiceManager.php:620
    0.2168    5343464  42. Zend\ServiceManager\ServiceManager->createServiceViaCallback() /var/www/zf2-b/vendor/zendframework/zendframework/library/Zend/ServiceManager/ServiceManager.php:1064

Zend\ServiceManager\Exception\ServiceNotCreatedException: An abstract factory could not create an instance of doctrine.entitymanager.ormdefault(alias: doctrine.entitymanager.orm_default). in /var/www/zf2-b/vendor/zendframework/zendframework/library/Zend/ServiceManager/ServiceManager.php on line 1070

Call Stack:
    0.0001     228344   1. {main}() /var/www/zf2-b/vendor/doctrine/doctrine-module/bin/doctrine-module:0
    0.0003     238200   2. include('/var/www/zf2-b/vendor/doctrine/doctrine-module/bin/doctrine-module.php') /var/www/zf2-b/vendor/doctrine/doctrine-module/bin/doctrine-module:4
    0.0159     421376   3. Zend\Mvc\Application::init() /var/www/zf2-b/vendor/doctrine/doctrine-module/bin/doctrine-module.php:48
    0.1416    3086120   4. Zend\Mvc\Application->bootstrap() /var/www/zf2-b/vendor/zendframework/zendframework/library/Zend/Mvc/Application.php:260
    0.1549    3401184   5. Zend\ServiceManager\ServiceManager->get() /var/www/zf2-b/vendor/zendframework/zendframework/library/Zend/Mvc/Application.php:153
    0.1549    3402120   6. Zend\ServiceManager\ServiceManager->create() /var/www/zf2-b/vendor/zendframework/zendframework/library/Zend/ServiceManager/ServiceManager.php:504
    0.1549    3402120   7. Zend\ServiceManager\ServiceManager->doCreate() /var/www/zf2-b/vendor/zendframework/zendframework/library/Zend/ServiceManager/ServiceManager.php:572
    0.1549    3402168   8. Zend\ServiceManager\ServiceManager->createFromFactory() /var/www/zf2-b/vendor/zendframework/zendframework/library/Zend/ServiceManager/ServiceManager.php:612
    0.1551    3412000   9. Zend\ServiceManager\ServiceManager->createServiceViaCallback() /var/www/zf2-b/vendor/zendframework/zendframework/library/Zend/ServiceManager/ServiceManager.php:1032
    0.1551    3412328  10. call_user_func:{/var/www/zf2-b/vendor/zendframework/zendframework/library/Zend/ServiceManager/ServiceManager.php:902}() /var/www/zf2-b/vendor/zendframework/zendframework/library/Zend/ServiceManager/ServiceManager.php:902
    0.1551    3412472  11. Zend\Mvc\Service\RouterFactory->createService() /var/www/zf2-b/vendor/zendframework/zendframework/library/Zend/ServiceManager/ServiceManager.php:902
    0.1552    3413264  12. call_user_func:{/var/www/zf2-b/vendor/zendframework/zendframework/library/Zend/Mvc/Service/RouterFactory.php:60}() /var/www/zf2-b/vendor/zendframework/zendframework/library/Zend/Mvc/Service/RouterFactory.php:60
    0.1564    3489424  13. Zend\Mvc\Router\SimpleRouteStack::factory() /var/www/zf2-b/vendor/zendframework/zendframework/library/Zend/Mvc/Service/RouterFactory.php:60
    0.1613    3537688  14. Zend\Mvc\Router\SimpleRouteStack->addRoutes() /var/www/zf2-b/vendor/zendframework/zendframework/library/Zend/Mvc/Router/SimpleRouteStack.php:84
    0.1613    3538144  15. Zend\Mvc\Router\Console\SimpleRouteStack->addRoute() /var/www/zf2-b/vendor/zendframework/zendframework/library/Zend/Mvc/Router/SimpleRouteStack.php:140
    0.1613    3538280  16. Zend\Mvc\Router\Console\SimpleRouteStack->routeFromArray() /var/www/zf2-b/vendor/zendframework/zendframework/library/Zend/Mvc/Router/Console/SimpleRouteStack.php:51
    0.1613    3538392  17. Zend\Mvc\Router\SimpleRouteStack->routeFromArray() /var/www/zf2-b/vendor/zendframework/zendframework/library/Zend/Mvc/Router/Console/SimpleRouteStack.php:78
    0.1614    3539096  18. Zend\ServiceManager\AbstractPluginManager->get() /var/www/zf2-b/vendor/zendframework/zendframework/library/Zend/Mvc/Router/SimpleRouteStack.php:274
    0.1614    3539144  19. Zend\ServiceManager\ServiceManager->get() /var/www/zf2-b/vendor/zendframework/zendframework/library/Zend/ServiceManager/AbstractPluginManager.php:103
    0.1614    3540440  20. Zend\ServiceManager\ServiceManager->create() /var/www/zf2-b/vendor/zendframework/zendframework/library/Zend/ServiceManager/ServiceManager.php:504
    0.1614    3540728  21. Zend\ServiceManager\ServiceManager->doCreate() /var/www/zf2-b/vendor/zendframework/zendframework/library/Zend/ServiceManager/ServiceManager.php:572
    0.1614    3540992  22. Zend\ServiceManager\AbstractPluginManager->createFromFactory() /var/www/zf2-b/vendor/zendframework/zendframework/library/Zend/ServiceManager/ServiceManager.php:612
    0.1618    3545488  23. Zend\ServiceManager\AbstractPluginManager->createServiceViaCallback() /var/www/zf2-b/vendor/zendframework/zendframework/library/Zend/ServiceManager/AbstractPluginManager.php:205
    0.1618    3545928  24. Zend\ServiceManager\ServiceManager->createServiceViaCallback() /var/www/zf2-b/vendor/zendframework/zendframework/library/Zend/ServiceManager/AbstractPluginManager.php:245
    0.1618    3546272  25. call_user_func:{/var/www/zf2-b/vendor/zendframework/zendframework/library/Zend/ServiceManager/ServiceManager.php:902}() /var/www/zf2-b/vendor/zendframework/zendframework/library/Zend/ServiceManager/ServiceManager.php:902
    0.1618    3546368  26. DoctrineModule\Service\SymfonyCliRouteFactory->createService() /var/www/zf2-b/vendor/zendframework/zendframework/library/Zend/ServiceManager/ServiceManager.php:902
    0.1618    3546448  27. Zend\ServiceManager\ServiceManager->get() /var/www/zf2-b/vendor/doctrine/doctrine-module/src/DoctrineModule/Service/SymfonyCliRouteFactory.php:38
    0.1618    3547136  28. Zend\ServiceManager\ServiceManager->create() /var/www/zf2-b/vendor/zendframework/zendframework/library/Zend/ServiceManager/ServiceManager.php:504
    0.1618    3547136  29. Zend\ServiceManager\ServiceManager->doCreate() /var/www/zf2-b/vendor/zendframework/zendframework/library/Zend/ServiceManager/ServiceManager.php:572
    0.1618    3547184  30. Zend\ServiceManager\ServiceManager->createFromFactory() /var/www/zf2-b/vendor/zendframework/zendframework/library/Zend/ServiceManager/ServiceManager.php:612
    0.1621    3558664  31. Zend\ServiceManager\ServiceManager->createServiceViaCallback() /var/www/zf2-b/vendor/zendframework/zendframework/library/Zend/ServiceManager/ServiceManager.php:1032
    0.1621    3559008  32. call_user_func:{/var/www/zf2-b/vendor/zendframework/zendframework/library/Zend/ServiceManager/ServiceManager.php:902}() /var/www/zf2-b/vendor/zendframework/zendframework/library/Zend/ServiceManager/ServiceManager.php:902
    0.1621    3559224  33. DoctrineModule\Service\CliFactory->createService() /var/www/zf2-b/vendor/zendframework/zendframework/library/Zend/ServiceManager/ServiceManager.php:902
    0.1871    4662728  34. Zend\EventManager\EventManager->trigger() /var/www/zf2-b/vendor/doctrine/doctrine-module/src/DoctrineModule/Service/CliFactory.php:85
    0.1871    4663320  35. Zend\EventManager\EventManager->triggerListeners() /var/www/zf2-b/vendor/zendframework/zendframework/library/Zend/EventManager/EventManager.php:207
    0.1872    4668936  36. call_user_func:{/var/www/zf2-b/vendor/zendframework/zendframework/library/Zend/EventManager/EventManager.php:468}() /var/www/zf2-b/vendor/zendframework/zendframework/library/Zend/EventManager/EventManager.php:468
    0.1873    4669184  37. DoctrineORMModule\Module->initializeConsole() /var/www/zf2-b/vendor/zendframework/zendframework/library/Zend/EventManager/EventManager.php:468
    0.2166    5340056  38. Zend\ServiceManager\ServiceManager->get() /var/www/zf2-b/vendor/doctrine/doctrine-orm-module/src/DoctrineORMModule/Module.php:141
    0.2168    5342168  39. Zend\ServiceManager\ServiceManager->create() /var/www/zf2-b/vendor/zendframework/zendframework/library/Zend/ServiceManager/ServiceManager.php:504
    0.2168    5342168  40. Zend\ServiceManager\ServiceManager->doCreate() /var/www/zf2-b/vendor/zendframework/zendframework/library/Zend/ServiceManager/ServiceManager.php:572
    0.2168    5342416  41. Zend\ServiceManager\ServiceManager->createFromAbstractFactory() /var/www/zf2-b/vendor/zendframework/zendframework/library/Zend/ServiceManager/ServiceManager.php:620

Zend\ServiceManager\Exception\ServiceNotCreatedException: An exception was raised while creating "doctrine.cli"; no instance returned in /var/www/zf2-b/vendor/zendframework/zendframework/library/Zend/ServiceManager/ServiceManager.php on line 909

Call Stack:
    0.0001     228344   1. {main}() /var/www/zf2-b/vendor/doctrine/doctrine-module/bin/doctrine-module:0
    0.0003     238200   2. include('/var/www/zf2-b/vendor/doctrine/doctrine-module/bin/doctrine-module.php') /var/www/zf2-b/vendor/doctrine/doctrine-module/bin/doctrine-module:4
    0.0159     421376   3. Zend\Mvc\Application::init() /var/www/zf2-b/vendor/doctrine/doctrine-module/bin/doctrine-module.php:48
    0.1416    3086120   4. Zend\Mvc\Application->bootstrap() /var/www/zf2-b/vendor/zendframework/zendframework/library/Zend/Mvc/Application.php:260
    0.1549    3401184   5. Zend\ServiceManager\ServiceManager->get() /var/www/zf2-b/vendor/zendframework/zendframework/library/Zend/Mvc/Application.php:153
    0.1549    3402120   6. Zend\ServiceManager\ServiceManager->create() /var/www/zf2-b/vendor/zendframework/zendframework/library/Zend/ServiceManager/ServiceManager.php:504
    0.1549    3402120   7. Zend\ServiceManager\ServiceManager->doCreate() /var/www/zf2-b/vendor/zendframework/zendframework/library/Zend/ServiceManager/ServiceManager.php:572
    0.1549    3402168   8. Zend\ServiceManager\ServiceManager->createFromFactory() /var/www/zf2-b/vendor/zendframework/zendframework/library/Zend/ServiceManager/ServiceManager.php:612
    0.1551    3412000   9. Zend\ServiceManager\ServiceManager->createServiceViaCallback() /var/www/zf2-b/vendor/zendframework/zendframework/library/Zend/ServiceManager/ServiceManager.php:1032
    0.1551    3412328  10. call_user_func:{/var/www/zf2-b/vendor/zendframework/zendframework/library/Zend/ServiceManager/ServiceManager.php:902}() /var/www/zf2-b/vendor/zendframework/zendframework/library/Zend/ServiceManager/ServiceManager.php:902
    0.1551    3412472  11. Zend\Mvc\Service\RouterFactory->createService() /var/www/zf2-b/vendor/zendframework/zendframework/library/Zend/ServiceManager/ServiceManager.php:902
    0.1552    3413264  12. call_user_func:{/var/www/zf2-b/vendor/zendframework/zendframework/library/Zend/Mvc/Service/RouterFactory.php:60}() /var/www/zf2-b/vendor/zendframework/zendframework/library/Zend/Mvc/Service/RouterFactory.php:60
    0.1564    3489424  13. Zend\Mvc\Router\SimpleRouteStack::factory() /var/www/zf2-b/vendor/zendframework/zendframework/library/Zend/Mvc/Service/RouterFactory.php:60
    0.1613    3537688  14. Zend\Mvc\Router\SimpleRouteStack->addRoutes() /var/www/zf2-b/vendor/zendframework/zendframework/library/Zend/Mvc/Router/SimpleRouteStack.php:84
    0.1613    3538144  15. Zend\Mvc\Router\Console\SimpleRouteStack->addRoute() /var/www/zf2-b/vendor/zendframework/zendframework/library/Zend/Mvc/Router/SimpleRouteStack.php:140
    0.1613    3538280  16. Zend\Mvc\Router\Console\SimpleRouteStack->routeFromArray() /var/www/zf2-b/vendor/zendframework/zendframework/library/Zend/Mvc/Router/Console/SimpleRouteStack.php:51
    0.1613    3538392  17. Zend\Mvc\Router\SimpleRouteStack->routeFromArray() /var/www/zf2-b/vendor/zendframework/zendframework/library/Zend/Mvc/Router/Console/SimpleRouteStack.php:78
    0.1614    3539096  18. Zend\ServiceManager\AbstractPluginManager->get() /var/www/zf2-b/vendor/zendframework/zendframework/library/Zend/Mvc/Router/SimpleRouteStack.php:274
    0.1614    3539144  19. Zend\ServiceManager\ServiceManager->get() /var/www/zf2-b/vendor/zendframework/zendframework/library/Zend/ServiceManager/AbstractPluginManager.php:103
    0.1614    3540440  20. Zend\ServiceManager\ServiceManager->create() /var/www/zf2-b/vendor/zendframework/zendframework/library/Zend/ServiceManager/ServiceManager.php:504
    0.1614    3540728  21. Zend\ServiceManager\ServiceManager->doCreate() /var/www/zf2-b/vendor/zendframework/zendframework/library/Zend/ServiceManager/ServiceManager.php:572
    0.1614    3540992  22. Zend\ServiceManager\AbstractPluginManager->createFromFactory() /var/www/zf2-b/vendor/zendframework/zendframework/library/Zend/ServiceManager/ServiceManager.php:612
    0.1618    3545488  23. Zend\ServiceManager\AbstractPluginManager->createServiceViaCallback() /var/www/zf2-b/vendor/zendframework/zendframework/library/Zend/ServiceManager/AbstractPluginManager.php:205
    0.1618    3545928  24. Zend\ServiceManager\ServiceManager->createServiceViaCallback() /var/www/zf2-b/vendor/zendframework/zendframework/library/Zend/ServiceManager/AbstractPluginManager.php:245
    0.1618    3546272  25. call_user_func:{/var/www/zf2-b/vendor/zendframework/zendframework/library/Zend/ServiceManager/ServiceManager.php:902}() /var/www/zf2-b/vendor/zendframework/zendframework/library/Zend/ServiceManager/ServiceManager.php:902
    0.1618    3546368  26. DoctrineModule\Service\SymfonyCliRouteFactory->createService() /var/www/zf2-b/vendor/zendframework/zendframework/library/Zend/ServiceManager/ServiceManager.php:902
    0.1618    3546448  27. Zend\ServiceManager\ServiceManager->get() /var/www/zf2-b/vendor/doctrine/doctrine-module/src/DoctrineModule/Service/SymfonyCliRouteFactory.php:38
    0.1618    3547136  28. Zend\ServiceManager\ServiceManager->create() /var/www/zf2-b/vendor/zendframework/zendframework/library/Zend/ServiceManager/ServiceManager.php:504
    0.1618    3547136  29. Zend\ServiceManager\ServiceManager->doCreate() /var/www/zf2-b/vendor/zendframework/zendframework/library/Zend/ServiceManager/ServiceManager.php:572
    0.1618    3547184  30. Zend\ServiceManager\ServiceManager->createFromFactory() /var/www/zf2-b/vendor/zendframework/zendframework/library/Zend/ServiceManager/ServiceManager.php:612
    0.1621    3558664  31. Zend\ServiceManager\ServiceManager->createServiceViaCallback() /var/www/zf2-b/vendor/zendframework/zendframework/library/Zend/ServiceManager/ServiceManager.php:1032

Zend\ServiceManager\Exception\ServiceNotCreatedException: An exception was raised while creating "symfony_cli"; no instance returned in /var/www/zf2-b/vendor/zendframework/zendframework/library/Zend/ServiceManager/ServiceManager.php on line 909

Call Stack:
    0.0001     228344   1. {main}() /var/www/zf2-b/vendor/doctrine/doctrine-module/bin/doctrine-module:0
    0.0003     238200   2. include('/var/www/zf2-b/vendor/doctrine/doctrine-module/bin/doctrine-module.php') /var/www/zf2-b/vendor/doctrine/doctrine-module/bin/doctrine-module:4
    0.0159     421376   3. Zend\Mvc\Application::init() /var/www/zf2-b/vendor/doctrine/doctrine-module/bin/doctrine-module.php:48
    0.1416    3086120   4. Zend\Mvc\Application->bootstrap() /var/www/zf2-b/vendor/zendframework/zendframework/library/Zend/Mvc/Application.php:260
    0.1549    3401184   5. Zend\ServiceManager\ServiceManager->get() /var/www/zf2-b/vendor/zendframework/zendframework/library/Zend/Mvc/Application.php:153
    0.1549    3402120   6. Zend\ServiceManager\ServiceManager->create() /var/www/zf2-b/vendor/zendframework/zendframework/library/Zend/ServiceManager/ServiceManager.php:504
    0.1549    3402120   7. Zend\ServiceManager\ServiceManager->doCreate() /var/www/zf2-b/vendor/zendframework/zendframework/library/Zend/ServiceManager/ServiceManager.php:572
    0.1549    3402168   8. Zend\ServiceManager\ServiceManager->createFromFactory() /var/www/zf2-b/vendor/zendframework/zendframework/library/Zend/ServiceManager/ServiceManager.php:612
    0.1551    3412000   9. Zend\ServiceManager\ServiceManager->createServiceViaCallback() /var/www/zf2-b/vendor/zendframework/zendframework/library/Zend/ServiceManager/ServiceManager.php:1032
    0.1551    3412328  10. call_user_func:{/var/www/zf2-b/vendor/zendframework/zendframework/library/Zend/ServiceManager/ServiceManager.php:902}() /var/www/zf2-b/vendor/zendframework/zendframework/library/Zend/ServiceManager/ServiceManager.php:902
    0.1551    3412472  11. Zend\Mvc\Service\RouterFactory->createService() /var/www/zf2-b/vendor/zendframework/zendframework/library/Zend/ServiceManager/ServiceManager.php:902
    0.1552    3413264  12. call_user_func:{/var/www/zf2-b/vendor/zendframework/zendframework/library/Zend/Mvc/Service/RouterFactory.php:60}() /var/www/zf2-b/vendor/zendframework/zendframework/library/Zend/Mvc/Service/RouterFactory.php:60
    0.1564    3489424  13. Zend\Mvc\Router\SimpleRouteStack::factory() /var/www/zf2-b/vendor/zendframework/zendframework/library/Zend/Mvc/Service/RouterFactory.php:60
    0.1613    3537688  14. Zend\Mvc\Router\SimpleRouteStack->addRoutes() /var/www/zf2-b/vendor/zendframework/zendframework/library/Zend/Mvc/Router/SimpleRouteStack.php:84
    0.1613    3538144  15. Zend\Mvc\Router\Console\SimpleRouteStack->addRoute() /var/www/zf2-b/vendor/zendframework/zendframework/library/Zend/Mvc/Router/SimpleRouteStack.php:140
    0.1613    3538280  16. Zend\Mvc\Router\Console\SimpleRouteStack->routeFromArray() /var/www/zf2-b/vendor/zendframework/zendframework/library/Zend/Mvc/Router/Console/SimpleRouteStack.php:51
    0.1613    3538392  17. Zend\Mvc\Router\SimpleRouteStack->routeFromArray() /var/www/zf2-b/vendor/zendframework/zendframework/library/Zend/Mvc/Router/Console/SimpleRouteStack.php:78
    0.1614    3539096  18. Zend\ServiceManager\AbstractPluginManager->get() /var/www/zf2-b/vendor/zendframework/zendframework/library/Zend/Mvc/Router/SimpleRouteStack.php:274
    0.1614    3539144  19. Zend\ServiceManager\ServiceManager->get() /var/www/zf2-b/vendor/zendframework/zendframework/library/Zend/ServiceManager/AbstractPluginManager.php:103
    0.1614    3540440  20. Zend\ServiceManager\ServiceManager->create() /var/www/zf2-b/vendor/zendframework/zendframework/library/Zend/ServiceManager/ServiceManager.php:504
    0.1614    3540728  21. Zend\ServiceManager\ServiceManager->doCreate() /var/www/zf2-b/vendor/zendframework/zendframework/library/Zend/ServiceManager/ServiceManager.php:572
    0.1614    3540992  22. Zend\ServiceManager\AbstractPluginManager->createFromFactory() /var/www/zf2-b/vendor/zendframework/zendframework/library/Zend/ServiceManager/ServiceManager.php:612
    0.1618    3545488  23. Zend\ServiceManager\AbstractPluginManager->createServiceViaCallback() /var/www/zf2-b/vendor/zendframework/zendframework/library/Zend/ServiceManager/AbstractPluginManager.php:205
    0.1618    3545928  24. Zend\ServiceManager\ServiceManager->createServiceViaCallback() /var/www/zf2-b/vendor/zendframework/zendframework/library/Zend/ServiceManager/AbstractPluginManager.php:245

Zend\ServiceManager\Exception\ServiceNotCreatedException: An exception was raised while creating "Router"; no instance returned in /var/www/zf2-b/vendor/zendframework/zendframework/library/Zend/ServiceManager/ServiceManager.php on line 909

Call Stack:
    0.0001     228344   1. {main}() /var/www/zf2-b/vendor/doctrine/doctrine-module/bin/doctrine-module:0
    0.0003     238200   2. include('/var/www/zf2-b/vendor/doctrine/doctrine-module/bin/doctrine-module.php') /var/www/zf2-b/vendor/doctrine/doctrine-module/bin/doctrine-module:4
    0.0159     421376   3. Zend\Mvc\Application::init() /var/www/zf2-b/vendor/doctrine/doctrine-module/bin/doctrine-module.php:48
    0.1416    3086120   4. Zend\Mvc\Application->bootstrap() /var/www/zf2-b/vendor/zendframework/zendframework/library/Zend/Mvc/Application.php:260
    0.1549    3401184   5. Zend\ServiceManager\ServiceManager->get() /var/www/zf2-b/vendor/zendframework/zendframework/library/Zend/Mvc/Application.php:153
    0.1549    3402120   6. Zend\ServiceManager\ServiceManager->create() /var/www/zf2-b/vendor/zendframework/zendframework/library/Zend/ServiceManager/ServiceManager.php:504
    0.1549    3402120   7. Zend\ServiceManager\ServiceManager->doCreate() /var/www/zf2-b/vendor/zendframework/zendframework/library/Zend/ServiceManager/ServiceManager.php:572
    0.1549    3402168   8. Zend\ServiceManager\ServiceManager->createFromFactory() /var/www/zf2-b/vendor/zendframework/zendframework/library/Zend/ServiceManager/ServiceManager.php:612
    0.1551    3412000   9. Zend\ServiceManager\ServiceManager->createServiceViaCallback() /var/www/zf2-b/vendor/zendframework/zendframework/library/Zend/ServiceManager/ServiceManager.php:1032

